Archive member included because of file (symbol)

C:\Users\torsten\eclipse\cpp-photon\eclipse\arduinoPlugin\packages\arduino\hardware\sam\1.6.11\variants\arduino_due_x/libsam_sam3x8e_gcc_rel.a(pio.o)
                              .\libraries\Adafruit_TFTLCD\Adafruit_TFTLCD.cpp.o (PIO_Set)
C:\Users\torsten\eclipse\cpp-photon\eclipse\arduinoPlugin\packages\arduino\hardware\sam\1.6.11\variants\arduino_due_x/libsam_sam3x8e_gcc_rel.a(pmc.o)
                              .\libraries\Adafruit_TFTLCD\Adafruit_TFTLCD.cpp.o (pmc_enable_periph_clk)
C:\Users\torsten\eclipse\cpp-photon\eclipse\arduinoPlugin\packages\arduino\hardware\sam\1.6.11\variants\arduino_due_x/libsam_sam3x8e_gcc_rel.a(spi.o)
                              .\libraries\SPI\src\SPI.cpp.o (SPI_Enable)
C:\Users\torsten\eclipse\cpp-photon\eclipse\arduinoPlugin\packages\arduino\hardware\sam\1.6.11\variants\arduino_due_x/libsam_sam3x8e_gcc_rel.a(system_sam3xa.o)
                              .\core\variant\variant.cpp.o (SystemInit)
C:\Users\torsten\eclipse\cpp-photon\eclipse\arduinoPlugin\packages\arduino\hardware\sam\1.6.11\variants\arduino_due_x/libsam_sam3x8e_gcc_rel.a(startup_sam3xa.o)
                              (Reset_Handler)
C:\Users\torsten\eclipse\cpp-photon\eclipse\arduinoPlugin\packages\arduino\hardware\sam\1.6.11\variants\arduino_due_x/libsam_sam3x8e_gcc_rel.a(adc.o)
                              .\core\variant\variant.cpp.o (adc_init)
C:\Users\torsten\eclipse\cpp-photon\eclipse\arduinoPlugin\packages\arduino\hardware\sam\1.6.11\variants\arduino_due_x/libsam_sam3x8e_gcc_rel.a(uotghs.o)
                              C:\Users\torsten\eclipse\cpp-photon\eclipse\arduinoPlugin\packages\arduino\hardware\sam\1.6.11\variants\arduino_due_x/libsam_sam3x8e_gcc_rel.a(startup_sam3xa.o) (UOTGHS_Handler)
C:/Users/torsten/Documents/Seafile/Arbeit_Verschluss/Development/LabDevice/software/LabConsole/Release/arduino.ar(Print.cpp.o)
                              .\libraries\MCUFRIEND_kbv\MCUFRIEND_kbv.cpp.o (Print::write(unsigned char const*, unsigned int))
C:/Users/torsten/Documents/Seafile/Arbeit_Verschluss/Development/LabDevice/software/LabConsole/Release/arduino.ar(RingBuffer.cpp.o)
                              .\core\variant\variant.cpp.o (RingBuffer::RingBuffer())
C:/Users/torsten/Documents/Seafile/Arbeit_Verschluss/Development/LabDevice/software/LabConsole/Release/arduino.ar(UARTClass.cpp.o)
                              .\core\variant\variant.cpp.o (UARTClass::available())
C:/Users/torsten/Documents/Seafile/Arbeit_Verschluss/Development/LabDevice/software/LabConsole/Release/arduino.ar(USARTClass.cpp.o)
                              .\core\variant\variant.cpp.o (USARTClass::USARTClass(Usart*, IRQn, unsigned long, RingBuffer*, RingBuffer*))
C:/Users/torsten/Documents/Seafile/Arbeit_Verschluss/Development/LabDevice/software/LabConsole/Release/arduino.ar(WInterrupts.c.o)
                              .\sloeber.ino.cpp.o (attachInterrupt)
C:/Users/torsten/Documents/Seafile/Arbeit_Verschluss/Development/LabDevice/software/LabConsole/Release/arduino.ar(WMath.cpp.o)
                              .\sloeber.ino.cpp.o (map(long, long, long, long, long))
C:/Users/torsten/Documents/Seafile/Arbeit_Verschluss/Development/LabDevice/software/LabConsole/Release/arduino.ar(abi.cpp.o)
                              .\libraries\Adafruit_GFX\Adafruit_GFX.cpp.o (__cxa_pure_virtual)
C:/Users/torsten/Documents/Seafile/Arbeit_Verschluss/Development/LabDevice/software/LabConsole/Release/arduino.ar(cortex_handlers.c.o)
                              C:\Users\torsten\eclipse\cpp-photon\eclipse\arduinoPlugin\packages\arduino\hardware\sam\1.6.11\variants\arduino_due_x/libsam_sam3x8e_gcc_rel.a(startup_sam3xa.o) (NMI_Handler)
C:/Users/torsten/Documents/Seafile/Arbeit_Verschluss/Development/LabDevice/software/LabConsole/Release/arduino.ar(hooks.c.o)
                              C:/Users/torsten/Documents/Seafile/Arbeit_Verschluss/Development/LabDevice/software/LabConsole/Release/arduino.ar(cortex_handlers.c.o) (sysTickHook)
C:/Users/torsten/Documents/Seafile/Arbeit_Verschluss/Development/LabDevice/software/LabConsole/Release/arduino.ar(main.cpp.o)
                              c:/users/torsten/eclipse/cpp-photon/eclipse/arduinoplugin/packages/arduino/tools/arm-none-eabi-gcc/4.8.3-2014q1/bin/../lib/gcc/arm-none-eabi/4.8.3/../../../../arm-none-eabi/lib/armv7-m/crt0.o (main)
C:/Users/torsten/Documents/Seafile/Arbeit_Verschluss/Development/LabDevice/software/LabConsole/Release/arduino.ar(syscalls_sam3.c.o)
                              (_sbrk)
C:/Users/torsten/Documents/Seafile/Arbeit_Verschluss/Development/LabDevice/software/LabConsole/Release/arduino.ar(watchdog.cpp.o)
                              C:/Users/torsten/Documents/Seafile/Arbeit_Verschluss/Development/LabDevice/software/LabConsole/Release/arduino.ar(main.cpp.o) (watchdogSetup())
C:/Users/torsten/Documents/Seafile/Arbeit_Verschluss/Development/LabDevice/software/LabConsole/Release/arduino.ar(wiring.c.o)
[...]
Memory Configuration

Name             Origin             Length             Attributes
rom              0x00080000         0x00080000         xr
sram0            0x20000000         0x00010000         xrw
sram1            0x20080000         0x00008000         xrw
ram              0x20070000         0x00018000         xrw
*default*        0x00000000         0xffffffff

Linker script and memory map

LOAD c:/users/torsten/eclipse/cpp-photon/eclipse/arduinoplugin/packages/arduino/tools/arm-none-eabi-gcc/4.8.3-2014q1/bin/../lib/gcc/arm-none-eabi/4.8.3/armv7-m/crti.o
LOAD c:/users/torsten/eclipse/cpp-photon/eclipse/arduinoplugin/packages/arduino/tools/arm-none-eabi-gcc/4.8.3-2014q1/bin/../lib/gcc/arm-none-eabi/4.8.3/armv7-m/crtbegin.o
LOAD c:/users/torsten/eclipse/cpp-photon/eclipse/arduinoplugin/packages/arduino/tools/arm-none-eabi-gcc/4.8.3-2014q1/bin/../lib/gcc/arm-none-eabi/4.8.3/../../../../arm-none-eabi/lib/armv7-m/crt0.o
START GROUP
LOAD .\MyTouchScreen.cpp.o
LOAD .\sloeber.ino.cpp.o
LOAD .\libraries\SPI\src\SPI.cpp.o
LOAD .\libraries\MCUFRIEND_kbv\MCUFRIEND_kbv.cpp.o
LOAD .\libraries\Adafruit_TFTLCD\Adafruit_TFTLCD.cpp.o
LOAD .\libraries\Adafruit_GFX\Adafruit_GFX.cpp.o
LOAD .\libraries\Adafruit_GFX\Adafruit_SPITFT.cpp.o
LOAD .\libraries\Adafruit_GFX\glcdfont.c.o
LOAD .\core\variant\variant.cpp.o
LOAD C:\Users\torsten\eclipse\cpp-photon\eclipse\arduinoPlugin\packages\arduino\hardware\sam\1.6.11\variants\arduino_due_x/libsam_sam3x8e_gcc_rel.a
LOAD C:/Users/torsten/Documents/Seafile/Arbeit_Verschluss/Development/LabDevice/software/LabConsole/Release/arduino.ar
END GROUP
LOAD c:/users/torsten/eclipse/cpp-photon/eclipse/arduinoplugin/packages/arduino/tools/arm-none-eabi-gcc/4.8.3-2014q1/bin/../lib/gcc/arm-none-eabi/4.8.3/../../../../arm-none-eabi/lib/armv7-m\libm.a
START GROUP
LOAD c:/users/torsten/eclipse/cpp-photon/eclipse/arduinoplugin/packages/arduino/tools/arm-none-eabi-gcc/4.8.3-2014q1/bin/../lib/gcc/arm-none-eabi/4.8.3/armv7-m\libgcc.a
LOAD c:/users/torsten/eclipse/cpp-photon/eclipse/arduinoplugin/packages/arduino/tools/arm-none-eabi-gcc/4.8.3-2014q1/bin/../lib/gcc/arm-none-eabi/4.8.3/../../../../arm-none-eabi/lib/armv7-m\libg.a
LOAD c:/users/torsten/eclipse/cpp-photon/eclipse/arduinoplugin/packages/arduino/tools/arm-none-eabi-gcc/4.8.3-2014q1/bin/../lib/gcc/arm-none-eabi/4.8.3/../../../../arm-none-eabi/lib/armv7-m\libc.a
END GROUP
LOAD c:/users/torsten/eclipse/cpp-photon/eclipse/arduinoplugin/packages/arduino/tools/arm-none-eabi-gcc/4.8.3-2014q1/bin/../lib/gcc/arm-none-eabi/4.8.3/armv7-m/crtend.o
LOAD c:/users/torsten/eclipse/cpp-photon/eclipse/arduinoplugin/packages/arduino/tools/arm-none-eabi-gcc/4.8.3-2014q1/bin/../lib/gcc/arm-none-eabi/4.8.3/armv7-m/crtn.o

.text           0x00080000     0xb61c
                0x00080000                . = ALIGN (0x4)
                0x00080000                _sfixed = .
 *(.vectors .vectors.*)
 .vectors       0x00080000       0xf4 C:\Users\torsten\eclipse\cpp-photon\eclipse\arduinoPlugin\packages\arduino\hardware\sam\1.6.11\variants\arduino_due_x/libsam_sam3x8e_gcc_rel.a(startup_sam3xa.o)
                0x00080000                exception_table
 *(.text .text.* .gnu.linkonce.t.*)
 .text          0x000800f4       0x54 c:/users/torsten/eclipse/cpp-photon/eclipse/arduinoplugin/packages/arduino/tools/arm-none-eabi-gcc/4.8.3-2014q1/bin/../lib/gcc/arm-none-eabi/4.8.3/armv7-m/crtbegin.o
 .text._ZN11TouchScreen8getPointEv
                0x00080148      0x16c .\MyTouchScreen.cpp.o
                0x00080148                TouchScreen::getPoint()
 .text._ZN11TouchScreenC2Ehhhht
                0x000802b4       0x1a .\MyTouchScreen.cpp.o
                0x000802b4                TouchScreen::TouchScreen(unsigned char, unsigned char, unsigned char, unsigned char, unsigned short)
                0x000802b4                TouchScreen::TouchScreen(unsigned char, unsigned char, unsigned char, unsigned char, unsigned short)
 *fill*         0x000802ce        0x2 
 .text._Z12ClockChangedv
                0x000802d0       0x6c .\sloeber.ino.cpp.o
                0x000802d0                ClockChanged()
 .text._ZN13MCUFRIEND_kbv10fillScreenEt
                0x0008033c       0x1c .\sloeber.ino.cpp.o
                0x0008033c                MCUFRIEND_kbv::fillScreen(unsigned short)
 .text._Z5touchv
                0x00080358       0x90 .\sloeber.ino.cpp.o
                0x00080358                touch()
 .text._Z3ppmtt
                0x000803e8       0x40 .\sloeber.ino.cpp.o
                0x000803e8                ppm(unsigned short, unsigned short)
 .text._Z6pt1000tt
                0x00080428       0x40 .\sloeber.ino.cpp.o
                0x00080428                pt1000(unsigned short, unsigned short)
 .text._Z8temp_akttt
                0x00080468       0x40 .\sloeber.ino.cpp.o
                0x00080468                temp_akt(unsigned short, unsigned short)
 .text._Z7ms_timev
                0x000804a8      0x11c .\sloeber.ino.cpp.o
                0x000804a8                ms_time()
 .text._Z18under_constructionv
                0x000805c4       0x48 .\sloeber.ino.cpp.o
                0x000805c4                under_construction()
 .text._Z9adc_setupv
                0x0008060c       0x38 .\sloeber.ino.cpp.o
                0x0008060c                adc_setup()
 .text.ADC_Handler
                0x00080644       0x38 .\sloeber.ino.cpp.o
                0x00080644                ADC_Handler
 .text._Z12MyAnalogReadh
                0x0008067c       0x4c .\sloeber.ino.cpp.o
                0x0008067c                MyAnalogRead(unsigned char)
 .text._Z8tc_setupv
                0x000806c8       0x34 .\sloeber.ino.cpp.o
                0x000806c8                tc_setup()
 .text.startup._GLOBAL__sub_I_tft
                0x000806fc       0x38 .\sloeber.ino.cpp.o
 .text.setup    0x00080734      0x1f8 .\sloeber.ino.cpp.o
                0x00080734                setup
 .text._Z12Startdisplayv
                0x0008092c      0x180 .\sloeber.ino.cpp.o
                0x0008092c                Startdisplay()
 .text._Z7KAchsent
                0x00080aac      0x204 .\sloeber.ino.cpp.o
                0x00080aac                KAchsen(unsigned short)
 .text._Z11PPM_Anzeigev
                0x00080cb0       0xcc .\sloeber.ino.cpp.o
                0x00080cb0                PPM_Anzeige()
 .text._Z11home_buttonv
                0x00080d7c       0x4c .\sloeber.ino.cpp.o
                0x00080d7c                home_button()
 .text._Z11back_buttonv
                0x00080dc8       0x4c .\sloeber.ino.cpp.o
                0x00080dc8                back_button()
 .text._Z11temp_grafikv
                0x00080e14       0x88 .\sloeber.ino.cpp.o
                0x00080e14                temp_grafik()
 *fill*         0x00080e9c        0x4 
 .text.loop     0x00080ea0      0xb10 .\sloeber.ino.cpp.o
                0x00080ea0                loop
 .text._ZL10SPI_0_Initv
                0x000819b0       0x48 .\libraries\SPI\src\SPI.cpp.o
 .text.startup._GLOBAL__sub_I__ZN8SPIClassC2EP3SpimPFvvE
                0x000819f8       0x24 .\libraries\SPI\src\SPI.cpp.o
 .text._ZN13MCUFRIEND_kbv13drawFastVLineEssst
                0x00081a1c       0x16 .\libraries\MCUFRIEND_kbv\MCUFRIEND_kbv.cpp.o
                0x00081a1c                MCUFRIEND_kbv::drawFastVLine(short, short, short, unsigned short)
 .text._ZN13MCUFRIEND_kbv13drawFastHLineEssst
                0x00081a32       0x16 .\libraries\MCUFRIEND_kbv\MCUFRIEND_kbv.cpp.o
                0x00081a32                MCUFRIEND_kbv::drawFastHLine(short, short, short, unsigned short)
 .text._ZL12writecmddatatt
                0x00081a48      0x1c4 .\libraries\MCUFRIEND_kbv\MCUFRIEND_kbv.cpp.o
 .text._ZL14WriteCmdParamNtaPh
                0x00081c0c      0x16c .\libraries\MCUFRIEND_kbv\MCUFRIEND_kbv.cpp.o
 .text._ZN13MCUFRIEND_kbv13invertDisplayEb
                0x00081d78       0x76 .\libraries\MCUFRIEND_kbv\MCUFRIEND_kbv.cpp.o
                0x00081d78                MCUFRIEND_kbv::invertDisplay(bool)
 .text._ZL12init_table16PKvs
                0x00081dee       0x30 .\libraries\MCUFRIEND_kbv\MCUFRIEND_kbv.cpp.o
 .text._ZL10init_tablePKvs
                0x00081e1e       0x4e .\libraries\MCUFRIEND_kbv\MCUFRIEND_kbv.cpp.o
 .text._ZN13MCUFRIEND_kbvC2Eiiiii
                0x00081e6c       0x1c .\libraries\MCUFRIEND_kbv\MCUFRIEND_kbv.cpp.o
                0x00081e6c                MCUFRIEND_kbv::MCUFRIEND_kbv(int, int, int, int, int)
                0x00081e6c                MCUFRIEND_kbv::MCUFRIEND_kbv(int, int, int, int, int)
 .text._ZN13MCUFRIEND_kbv5resetEv
                0x00081e88       0x6c .\libraries\MCUFRIEND_kbv\MCUFRIEND_kbv.cpp.o
                0x00081e88                MCUFRIEND_kbv::reset()
 .text._ZN13MCUFRIEND_kbv7readRegEta
                0x00081ef4      0x244 .\libraries\MCUFRIEND_kbv\MCUFRIEND_kbv.cpp.o
                0x00081ef4                MCUFRIEND_kbv::readReg(unsigned short, signed char)
 .text._ZN13MCUFRIEND_kbv9readReg32Et
                0x00082138       0x1e .\libraries\MCUFRIEND_kbv\MCUFRIEND_kbv.cpp.o
                0x00082138                MCUFRIEND_kbv::readReg32(unsigned short)
 .text._ZN13MCUFRIEND_kbv9readReg40Et
                0x00082156       0x30 .\libraries\MCUFRIEND_kbv\MCUFRIEND_kbv.cpp.o
                0x00082156                MCUFRIEND_kbv::readReg40(unsigned short)
 *fill*         0x00082186        0x2 
 .text._ZN13MCUFRIEND_kbv6readIDEv
                0x00082188      0x1c0 .\libraries\MCUFRIEND_kbv\MCUFRIEND_kbv.cpp.o
                0x00082188                MCUFRIEND_kbv::readID()
 .text._ZN13MCUFRIEND_kbv13setAddrWindowEssss
                0x00082348      0x110 .\libraries\MCUFRIEND_kbv\MCUFRIEND_kbv.cpp.o
                0x00082348                MCUFRIEND_kbv::setAddrWindow(short, short, short, short)
 .text._ZN13MCUFRIEND_kbv8readGRAMEssPtss
                0x00082458      0x56c .\libraries\MCUFRIEND_kbv\MCUFRIEND_kbv.cpp.o
                0x00082458                MCUFRIEND_kbv::readGRAM(short, short, unsigned short*, short, short)
 .text._ZN13MCUFRIEND_kbv9drawPixelEsst
                0x000829c4       0x5c .\libraries\MCUFRIEND_kbv\MCUFRIEND_kbv.cpp.o
                0x000829c4                MCUFRIEND_kbv::drawPixel(short, short, unsigned short)
 .text._ZN13MCUFRIEND_kbv8fillRectEsssst
                0x00082a20      0x30c .\libraries\MCUFRIEND_kbv\MCUFRIEND_kbv.cpp.o
                0x00082a20                MCUFRIEND_kbv::fillRect(short, short, short, short, unsigned short)
 .text._ZN13MCUFRIEND_kbv10vertScrollEsss
                0x00082d2c      0x152 .\libraries\MCUFRIEND_kbv\MCUFRIEND_kbv.cpp.o
                0x00082d2c                MCUFRIEND_kbv::vertScroll(short, short, short)
 .text._ZN13MCUFRIEND_kbv11setRotationEh
                0x00082e7e      0x2ec .\libraries\MCUFRIEND_kbv\MCUFRIEND_kbv.cpp.o
                0x00082e7e                MCUFRIEND_kbv::setRotation(unsigned char)
 *fill*         0x0008316a        0x2 
 .text._ZN13MCUFRIEND_kbv5beginEt
                0x0008316c      0x45c .\libraries\MCUFRIEND_kbv\MCUFRIEND_kbv.cpp.o
                0x0008316c                MCUFRIEND_kbv::begin(unsigned short)
 .text._ZN12Adafruit_GFX9writeLineEsssst
                0x000835c8       0xc8 .\libraries\Adafruit_GFX\Adafruit_GFX.cpp.o
                0x000835c8                Adafruit_GFX::writeLine(short, short, short, short, unsigned short)
 .text._ZN12Adafruit_GFX10startWriteEv
                0x00083690        0x2 .\libraries\Adafruit_GFX\Adafruit_GFX.cpp.o
                0x00083690                Adafruit_GFX::startWrite()
 .text._ZN12Adafruit_GFX10writePixelEsst
                0x00083692        0xa .\libraries\Adafruit_GFX\Adafruit_GFX.cpp.o
                0x00083692                Adafruit_GFX::writePixel(short, short, unsigned short)
 .text._ZN12Adafruit_GFX14writeFastVLineEssst
                0x0008369c       0x12 .\libraries\Adafruit_GFX\Adafruit_GFX.cpp.o
                0x0008369c                Adafruit_GFX::writeFastVLine(short, short, short, unsigned short)
 .text._ZN12Adafruit_GFX14writeFastHLineEssst
                0x000836ae       0x12 .\libraries\Adafruit_GFX\Adafruit_GFX.cpp.o
                0x000836ae                Adafruit_GFX::writeFastHLine(short, short, short, unsigned short)
 .text._ZN12Adafruit_GFX13writeFillRectEsssst
                0x000836c0       0x18 .\libraries\Adafruit_GFX\Adafruit_GFX.cpp.o
                0x000836c0                Adafruit_GFX::writeFillRect(short, short, short, short, unsigned short)
 .text._ZN12Adafruit_GFX8endWriteEv
                0x000836d8        0x2 .\libraries\Adafruit_GFX\Adafruit_GFX.cpp.o
                0x000836d8                Adafruit_GFX::endWrite()
 .text._ZN12Adafruit_GFX13drawFastVLineEssst
                0x000836da       0x38 .\libraries\Adafruit_GFX\Adafruit_GFX.cpp.o
                0x000836da                Adafruit_GFX::drawFastVLine(short, short, short, unsigned short)
 .text._ZN12Adafruit_GFX13drawFastHLineEssst
                0x00083712       0x36 .\libraries\Adafruit_GFX\Adafruit_GFX.cpp.o
                0x00083712                Adafruit_GFX::drawFastHLine(short, short, short, unsigned short)
 .text._ZN12Adafruit_GFX8fillRectEsssst
                0x00083748       0x48 .\libraries\Adafruit_GFX\Adafruit_GFX.cpp.o
                0x00083748                Adafruit_GFX::fillRect(short, short, short, short, unsigned short)
 .text._ZN12Adafruit_GFX10fillScreenEt
                0x00083790       0x1c .\libraries\Adafruit_GFX\Adafruit_GFX.cpp.o
                0x00083790                Adafruit_GFX::fillScreen(unsigned short)
 .text._ZN12Adafruit_GFX8drawLineEsssst
                0x000837ac       0x7c .\libraries\Adafruit_GFX\Adafruit_GFX.cpp.o
                0x000837ac                Adafruit_GFX::drawLine(short, short, short, short, unsigned short)
 .text._ZN12Adafruit_GFX8drawRectEsssst
                0x00083828       0x7c .\libraries\Adafruit_GFX\Adafruit_GFX.cpp.o
                0x00083828                Adafruit_GFX::drawRect(short, short, short, short, unsigned short)
 .text._ZN12Adafruit_GFX13invertDisplayEb
                0x000838a4        0x2 .\libraries\Adafruit_GFX\Adafruit_GFX.cpp.o
                0x000838a4                Adafruit_GFX::invertDisplay(bool)
 .text._ZN12Adafruit_GFX11setRotationEh
                0x000838a6       0x1e .\libraries\Adafruit_GFX\Adafruit_GFX.cpp.o
                0x000838a6                Adafruit_GFX::setRotation(unsigned char)
 .text._ZN12Adafruit_GFXC2Ess
                0x000838c4       0x30 .\libraries\Adafruit_GFX\Adafruit_GFX.cpp.o
                0x000838c4                Adafruit_GFX::Adafruit_GFX(short, short)
                0x000838c4                Adafruit_GFX::Adafruit_GFX(short, short)
 .text._ZN12Adafruit_GFX8drawCharEsshtth
                0x000838f4      0x2b4 .\libraries\Adafruit_GFX\Adafruit_GFX.cpp.o
                0x000838f4                Adafruit_GFX::drawChar(short, short, unsigned char, unsigned short, unsigned short, unsigned char)
 .text._ZN12Adafruit_GFX5writeEh
                0x00083ba8       0xf2 .\libraries\Adafruit_GFX\Adafruit_GFX.cpp.o
                0x00083ba8                Adafruit_GFX::write(unsigned char)
 .text._ZN12Adafruit_GFX9setCursorEss
                0x00083c9a        0x6 .\libraries\Adafruit_GFX\Adafruit_GFX.cpp.o
                0x00083c9a                Adafruit_GFX::setCursor(short, short)
 .text._ZN12Adafruit_GFX11setTextSizeEh
                0x00083ca0        0xa .\libraries\Adafruit_GFX\Adafruit_GFX.cpp.o
                0x00083ca0                Adafruit_GFX::setTextSize(unsigned char)
 .text._ZN12Adafruit_GFX12setTextColorEt
                0x00083caa        0x6 .\libraries\Adafruit_GFX\Adafruit_GFX.cpp.o
                0x00083caa                Adafruit_GFX::setTextColor(unsigned short)
 .text._ZNK12Adafruit_GFX5widthEv
                0x00083cb0        0x6 .\libraries\Adafruit_GFX\Adafruit_GFX.cpp.o
                0x00083cb0                Adafruit_GFX::width() const
 .text._ZNK12Adafruit_GFX6heightEv
                0x00083cb6        0x6 .\libraries\Adafruit_GFX\Adafruit_GFX.cpp.o
                0x00083cb6                Adafruit_GFX::height() const
 .text._Z11serialEventv
                0x00083cbc        0x2 .\core\variant\variant.cpp.o
                0x00083cbc                serialEvent()
 *fill*         0x00083cbe        0x2 
 .text.UART_Handler
                0x00083cc0        0xc .\core\variant\variant.cpp.o
                0x00083cc0                UART_Handler
 .text._Z12serialEvent1v
                0x00083ccc        0x2 .\core\variant\variant.cpp.o
                0x00083ccc                serialEvent1()
 .text._Z12serialEvent2v
                0x00083cce        0x2 .\core\variant\variant.cpp.o
                0x00083cce                serialEvent2()
 .text._Z12serialEvent3v
                0x00083cd0        0x2 .\core\variant\variant.cpp.o
                0x00083cd0                serialEvent3()
 *fill*         0x00083cd2        0x2 
 .text.USART0_Handler
                0x00083cd4        0xc .\core\variant\variant.cpp.o
                0x00083cd4                USART0_Handler
 .text.USART1_Handler
                0x00083ce0        0xc .\core\variant\variant.cpp.o
                0x00083ce0                USART1_Handler
 .text.USART3_Handler
                0x00083cec        0xc .\core\variant\variant.cpp.o
                0x00083cec                USART3_Handler
 .text.init     0x00083cf8      0x128 .\core\variant\variant.cpp.o
                0x00083cf8                init
 .text.startup._GLOBAL__sub_I_g_APinDescription
                0x00083e20       0xd4 .\core\variant\variant.cpp.o
 .text._Z14serialEventRunv
                0x00083ef4       0x44 .\core\variant\variant.cpp.o
                0x00083ef4                serialEventRun()
 .text.PIO_PullUp
                0x00083f38        0xa C:\Users\torsten\eclipse\cpp-photon\eclipse\arduinoPlugin\packages\arduino\hardware\sam\1.6.11\variants\arduino_due_x/libsam_sam3x8e_gcc_rel.a(pio.o)
                0x00083f38                PIO_PullUp
 .text.PIO_Get  0x00083f42       0x14 C:\Users\torsten\eclipse\cpp-photon\eclipse\arduinoPlugin\packages\arduino\hardware\sam\1.6.11\variants\arduino_due_x/libsam_sam3x8e_gcc_rel.a(pio.o)
                0x00083f42                PIO_Get
 .text.PIO_SetPeripheral
                0x00083f56       0x26 C:\Users\torsten\eclipse\cpp-photon\eclipse\arduinoPlugin\packages\arduino\hardware\sam\1.6.11\variants\arduino_due_x/libsam_sam3x8e_gcc_rel.a(pio.o)
                0x00083f56                PIO_SetPeripheral
 .text.PIO_SetInput
                0x00083f7c       0x26 C:\Users\torsten\eclipse\cpp-photon\eclipse\arduinoPlugin\packages\arduino\hardware\sam\1.6.11\variants\arduino_due_x/libsam_sam3x8e_gcc_rel.a(pio.o)
                0x00083f7c                PIO_SetInput
 .text.PIO_SetOutput
                0x00083fa2       0x24 C:\Users\torsten\eclipse\cpp-photon\eclipse\arduinoPlugin\packages\arduino\hardware\sam\1.6.11\variants\arduino_due_x/libsam_sam3x8e_gcc_rel.a(pio.o)
                0x00083fa2                PIO_SetOutput
 *fill*         0x00083fc6        0x2 
 .text.PIO_Configure
                0x00083fc8       0x64 C:\Users\torsten\eclipse\cpp-photon\eclipse\arduinoPlugin\packages\arduino\hardware\sam\1.6.11\variants\arduino_due_x/libsam_sam3x8e_gcc_rel.a(pio.o)
                0x00083fc8                PIO_Configure
 .text.PIO_GetOutputDataStatus
                0x0008402c       0x14 C:\Users\torsten\eclipse\cpp-photon\eclipse\arduinoPlugin\packages\arduino\hardware\sam\1.6.11\variants\arduino_due_x/libsam_sam3x8e_gcc_rel.a(pio.o)
                0x0008402c                PIO_GetOutputDataStatus
 .text.pmc_enable_upll_clock
                0x00084040       0x14 C:\Users\torsten\eclipse\cpp-photon\eclipse\arduinoPlugin\packages\arduino\hardware\sam\1.6.11\variants\arduino_due_x/libsam_sam3x8e_gcc_rel.a(pmc.o)
                0x00084040                pmc_enable_upll_clock
 .text.pmc_enable_periph_clk
                0x00084054       0x44 C:\Users\torsten\eclipse\cpp-photon\eclipse\arduinoPlugin\packages\arduino\hardware\sam\1.6.11\variants\arduino_due_x/libsam_sam3x8e_gcc_rel.a(pmc.o)
                0x00084054                pmc_enable_periph_clk
 .text.pmc_disable_periph_clk
                0x00084098       0x40 C:\Users\torsten\eclipse\cpp-photon\eclipse\arduinoPlugin\packages\arduino\hardware\sam\1.6.11\variants\arduino_due_x/libsam_sam3x8e_gcc_rel.a(pmc.o)
                0x00084098                pmc_disable_periph_clk
 .text.pmc_switch_udpck_to_upllck
                0x000840d8       0x14 C:\Users\torsten\eclipse\cpp-photon\eclipse\arduinoPlugin\packages\arduino\hardware\sam\1.6.11\variants\arduino_due_x/libsam_sam3x8e_gcc_rel.a(pmc.o)
                0x000840d8                pmc_switch_udpck_to_upllck
 .text.pmc_enable_udpck
                0x000840ec        0xc C:\Users\torsten\eclipse\cpp-photon\eclipse\arduinoPlugin\packages\arduino\hardware\sam\1.6.11\variants\arduino_due_x/libsam_sam3x8e_gcc_rel.a(pmc.o)
                0x000840ec                pmc_enable_udpck
 .text.SystemInit
                0x000840f8       0x88 C:\Users\torsten\eclipse\cpp-photon\eclipse\arduinoPlugin\packages\arduino\hardware\sam\1.6.11\variants\arduino_due_x/libsam_sam3x8e_gcc_rel.a(system_sam3xa.o)
                0x000840f8                SystemInit
 .text.Reset_Handler
                0x00084180       0x78 C:\Users\torsten\eclipse\cpp-photon\eclipse\arduinoPlugin\packages\arduino\hardware\sam\1.6.11\variants\arduino_due_x/libsam_sam3x8e_gcc_rel.a(startup_sam3xa.o)
                0x00084180                Reset_Handler
 .text.adc_init
                0x000841f8       0x98 C:\Users\torsten\eclipse\cpp-photon\eclipse\arduinoPlugin\packages\arduino\hardware\sam\1.6.11\variants\arduino_due_x/libsam_sam3x8e_gcc_rel.a(adc.o)
                0x000841f8                adc_init
 .text.adc_configure_trigger
                0x00084290        0xe C:\Users\torsten\eclipse\cpp-photon\eclipse\arduinoPlugin\packages\arduino\hardware\sam\1.6.11\variants\arduino_due_x/libsam_sam3x8e_gcc_rel.a(adc.o)
                0x00084290                adc_configure_trigger
 .text.adc_configure_timing
                0x0008429e       0x1a C:\Users\torsten\eclipse\cpp-photon\eclipse\arduinoPlugin\packages\arduino\hardware\sam\1.6.11\variants\arduino_due_x/libsam_sam3x8e_gcc_rel.a(adc.o)
                0x0008429e                adc_configure_timing
 .text.adc_disable_channel
                0x000842b8        0xa C:\Users\torsten\eclipse\cpp-photon\eclipse\arduinoPlugin\packages\arduino\hardware\sam\1.6.11\variants\arduino_due_x/libsam_sam3x8e_gcc_rel.a(adc.o)
                0x000842b8                adc_disable_channel
 .text.adc_disable_all_channel
                0x000842c2        0x8 C:\Users\torsten\eclipse\cpp-photon\eclipse\arduinoPlugin\packages\arduino\hardware\sam\1.6.11\variants\arduino_due_x/libsam_sam3x8e_gcc_rel.a(adc.o)
                0x000842c2                adc_disable_all_channel
 .text.adc_disable_interrupt
                0x000842ca        0x4 C:\Users\torsten\eclipse\cpp-photon\eclipse\arduinoPlugin\packages\arduino\hardware\sam\1.6.11\variants\arduino_due_x/libsam_sam3x8e_gcc_rel.a(adc.o)
                0x000842ca                adc_disable_interrupt
 *fill*         0x000842ce        0x2 
 .text.UOTGHS_Handler
                0x000842d0       0x10 C:\Users\torsten\eclipse\cpp-photon\eclipse\arduinoPlugin\packages\arduino\hardware\sam\1.6.11\variants\arduino_due_x/libsam_sam3x8e_gcc_rel.a(uotghs.o)
                0x000842d0                UOTGHS_Handler
 .text._ZN5Print5writeEPKhj
                0x000842e0       0x22 C:/Users/torsten/Documents/Seafile/Arbeit_Verschluss/Development/LabDevice/software/LabConsole/Release/arduino.ar(Print.cpp.o)
                0x000842e0                Print::write(unsigned char const*, unsigned int)
 .text._ZN5Print5printEmi.part.3
                0x00084302        0xc C:/Users/torsten/Documents/Seafile/Arbeit_Verschluss/Development/LabDevice/software/LabConsole/Release/arduino.ar(Print.cpp.o)
 .text._ZN5Print5writeEPKc
                0x0008430e       0x1e C:/Users/torsten/Documents/Seafile/Arbeit_Verschluss/Development/LabDevice/software/LabConsole/Release/arduino.ar(Print.cpp.o)
                0x0008430e                Print::write(char const*)
 .text._ZN5Print5printEPKc
                0x0008432c        0x8 C:/Users/torsten/Documents/Seafile/Arbeit_Verschluss/Development/LabDevice/software/LabConsole/Release/arduino.ar(Print.cpp.o)
                0x0008432c                Print::print(char const*)
 .text._ZN5Print5printEc
                0x00084334        0xa C:/Users/torsten/Documents/Seafile/Arbeit_Verschluss/Development/LabDevice/software/LabConsole/Release/arduino.ar(Print.cpp.o)
                0x00084334                Print::print(char)
 *fill*         0x0008433e        0x2 
 .text._ZN5Print7printlnEv
                0x00084340       0x10 C:/Users/torsten/Documents/Seafile/Arbeit_Verschluss/Development/LabDevice/software/LabConsole/Release/arduino.ar(Print.cpp.o)
                0x00084340                Print::println()
 .text._ZN5Print7printlnEPKc
                0x00084350       0x14 C:/Users/torsten/Documents/Seafile/Arbeit_Verschluss/Development/LabDevice/software/LabConsole/Release/arduino.ar(Print.cpp.o)
                0x00084350                Print::println(char const*)
 .text._ZN5Print7printlnEc
                0x00084364       0x14 C:/Users/torsten/Documents/Seafile/Arbeit_Verschluss/Development/LabDevice/software/LabConsole/Release/arduino.ar(Print.cpp.o)
                0x00084364                Print::println(char)
 .text._ZN5Print11printNumberEmh
                0x00084378       0x3e C:/Users/torsten/Documents/Seafile/Arbeit_Verschluss/Development/LabDevice/software/LabConsole/Release/arduino.ar(Print.cpp.o)
                0x00084378                Print::printNumber(unsigned long, unsigned char)
 .text._ZN5Print5printEli
                0x000843b6       0x3c C:/Users/torsten/Documents/Seafile/Arbeit_Verschluss/Development/LabDevice/software/LabConsole/Release/arduino.ar(Print.cpp.o)
                0x000843b6                Print::print(long, int)
 .text._ZN5Print5printEii
                0x000843f2        0x4 C:/Users/torsten/Documents/Seafile/Arbeit_Verschluss/Development/LabDevice/software/LabConsole/Release/arduino.ar(Print.cpp.o)
                0x000843f2                Print::print(int, int)
 .text._ZN5Print7printlnEii
                0x000843f6       0x14 C:/Users/torsten/Documents/Seafile/Arbeit_Verschluss/Development/LabDevice/software/LabConsole/Release/arduino.ar(Print.cpp.o)
                0x000843f6                Print::println(int, int)
 .text._ZN5Print5printEmi
                0x0008440a        0xc C:/Users/torsten/Documents/Seafile/Arbeit_Verschluss/Development/LabDevice/software/LabConsole/Release/arduino.ar(Print.cpp.o)
                0x0008440a                Print::print(unsigned long, int)
 .text._ZN5Print7printlnEmi
                0x00084416       0x14 C:/Users/torsten/Documents/Seafile/Arbeit_Verschluss/Development/LabDevice/software/LabConsole/Release/arduino.ar(Print.cpp.o)
                0x00084416                Print::println(unsigned long, int)
 *fill*         0x0008442a        0x2 
 .text._ZN5Print10printFloatEdh
                0x0008442c      0x148 C:/Users/torsten/Documents/Seafile/Arbeit_Verschluss/Development/LabDevice/software/LabConsole/Release/arduino.ar(Print.cpp.o)
                0x0008442c                Print::printFloat(double, unsigned char)
 .text._ZN5Print5printEdi
                0x00084574        0xa C:/Users/torsten/Documents/Seafile/Arbeit_Verschluss/Development/LabDevice/software/LabConsole/Release/arduino.ar(Print.cpp.o)
                0x00084574                Print::print(double, int)
 .text._ZN10RingBufferC2Ev
                0x0008457e       0x1a C:/Users/torsten/Documents/Seafile/Arbeit_Verschluss/Development/LabDevice/software/LabConsole/Release/arduino.ar(RingBuffer.cpp.o)
                0x0008457e                RingBuffer::RingBuffer()
                0x0008457e                RingBuffer::RingBuffer()
 .text._ZN10RingBuffer10store_charEh
                0x00084598       0x1e C:/Users/torsten/Documents/Seafile/Arbeit_Verschluss/Development/LabDevice/software/LabConsole/Release/arduino.ar(RingBuffer.cpp.o)
                0x00084598                RingBuffer::store_char(unsigned char)
 .text._ZN9UARTClasscvbEv
                0x000845b6        0x4 C:/Users/torsten/Documents/Seafile/Arbeit_Verschluss/Development/LabDevice/software/LabConsole/Release/arduino.ar(UARTClass.cpp.o)
                0x000845b6                UARTClass::operator bool()
 .text._ZN9UARTClass9availableEv
                0x000845ba       0x12 C:/Users/torsten/Documents/Seafile/Arbeit_Verschluss/Development/LabDevice/software/LabConsole/Release/arduino.ar(UARTClass.cpp.o)
                0x000845ba                UARTClass::available()
 .text._ZN9UARTClass4peekEv
                0x000845cc       0x1c C:/Users/torsten/Documents/Seafile/Arbeit_Verschluss/Development/LabDevice/software/LabConsole/Release/arduino.ar(UARTClass.cpp.o)
                0x000845cc                UARTClass::peek()
 .text._ZN9UARTClass4readEv
                0x000845e8       0x2a C:/Users/torsten/Documents/Seafile/Arbeit_Verschluss/Development/LabDevice/software/LabConsole/Release/arduino.ar(UARTClass.cpp.o)
                0x000845e8                UARTClass::read()
 .text._ZN9UARTClass5flushEv
                0x00084612       0x18 C:/Users/torsten/Documents/Seafile/Arbeit_Verschluss/Development/LabDevice/software/LabConsole/Release/arduino.ar(UARTClass.cpp.o)
                0x00084612                UARTClass::flush()
 *fill*         0x0008462a        0x2 
 .text._ZN9UARTClass5writeEh
                0x0008462c       0x54 C:/Users/torsten/Documents/Seafile/Arbeit_Verschluss/Development/LabDevice/software/LabConsole/Release/arduino.ar(UARTClass.cpp.o)
                0x0008462c                UARTClass::write(unsigned char)
 .text._ZN9UARTClass3endEv
                0x00084680       0x3c C:/Users/torsten/Documents/Seafile/Arbeit_Verschluss/Development/LabDevice/software/LabConsole/Release/arduino.ar(UARTClass.cpp.o)
                0x00084680                UARTClass::end()
 .text._ZN9UARTClassC2EP4Uart4IRQnmP10RingBufferS4_
                0x000846bc       0x24 C:/Users/torsten/Documents/Seafile/Arbeit_Verschluss/Development/LabDevice/software/LabConsole/Release/arduino.ar(UARTClass.cpp.o)
                0x000846bc                UARTClass::UARTClass(Uart*, IRQn, unsigned long, RingBuffer*, RingBuffer*)
                0x000846bc                UARTClass::UARTClass(Uart*, IRQn, unsigned long, RingBuffer*, RingBuffer*)
 .text._ZN9UARTClass4initEmm
                0x000846e0       0x70 C:/Users/torsten/Documents/Seafile/Arbeit_Verschluss/Development/LabDevice/software/LabConsole/Release/arduino.ar(UARTClass.cpp.o)
                0x000846e0                UARTClass::init(unsigned long, unsigned long)
 .text._ZN9UARTClass5beginEm
                0x00084750        0x8 C:/Users/torsten/Documents/Seafile/Arbeit_Verschluss/Development/LabDevice/software/LabConsole/Release/arduino.ar(UARTClass.cpp.o)
                0x00084750                UARTClass::begin(unsigned long)
 .text._ZN9UARTClass10IrqHandlerEv
                0x00084758       0x5a C:/Users/torsten/Documents/Seafile/Arbeit_Verschluss/Development/LabDevice/software/LabConsole/Release/arduino.ar(UARTClass.cpp.o)
                0x00084758                UARTClass::IrqHandler()
 .text._ZN10USARTClass5beginEm
                0x000847b2        0x8 C:/Users/torsten/Documents/Seafile/Arbeit_Verschluss/Development/LabDevice/software/LabConsole/Release/arduino.ar(USARTClass.cpp.o)
                0x000847b2                USARTClass::begin(unsigned long)
 *fill*         0x000847ba        0x2 
 .text._ZN10USARTClassC2EP5Usart4IRQnmP10RingBufferS4_
                0x000847bc       0x24 C:/Users/torsten/Documents/Seafile/Arbeit_Verschluss/Development/LabDevice/software/LabConsole/Release/arduino.ar(USARTClass.cpp.o)
                0x000847bc                USARTClass::USARTClass(Usart*, IRQn, unsigned long, RingBuffer*, RingBuffer*)
                0x000847bc                USARTClass::USARTClass(Usart*, IRQn, unsigned long, RingBuffer*, RingBuffer*)
 .text.attachInterrupt
                0x000847e0      0x148 C:/Users/torsten/Documents/Seafile/Arbeit_Verschluss/Development/LabDevice/software/LabConsole/Release/arduino.ar(WInterrupts.c.o)
                0x000847e0                attachInterrupt
 .text.PIOA_Handler
                0x00084928       0x38 C:/Users/torsten/Documents/Seafile/Arbeit_Verschluss/Development/LabDevice/software/LabConsole/Release/arduino.ar(WInterrupts.c.o)
                0x00084928                PIOA_Handler
 .text.PIOB_Handler
                0x00084960       0x38 C:/Users/torsten/Documents/Seafile/Arbeit_Verschluss/Development/LabDevice/software/LabConsole/Release/arduino.ar(WInterrupts.c.o)
                0x00084960                PIOB_Handler
 .text.PIOC_Handler
                0x00084998       0x38 C:/Users/torsten/Documents/Seafile/Arbeit_Verschluss/Development/LabDevice/software/LabConsole/Release/arduino.ar(WInterrupts.c.o)
                0x00084998                PIOC_Handler
 .text.PIOD_Handler
                0x000849d0       0x38 C:/Users/torsten/Documents/Seafile/Arbeit_Verschluss/Development/LabDevice/software/LabConsole/Release/arduino.ar(WInterrupts.c.o)
                0x000849d0                PIOD_Handler
 .text._Z3maplllll
                0x00084a08       0x14 C:/Users/torsten/Documents/Seafile/Arbeit_Verschluss/Development/LabDevice/software/LabConsole/Release/arduino.ar(WMath.cpp.o)
                0x00084a08                map(long, long, long, long, long)
 .text.__cxa_pure_virtual
                0x00084a1c        0x2 C:/Users/torsten/Documents/Seafile/Arbeit_Verschluss/Development/LabDevice/software/LabConsole/Release/arduino.ar(abi.cpp.o)
                0x00084a1c                __cxa_pure_virtual
 .text.__halt   0x00084a1e        0x2 C:/Users/torsten/Documents/Seafile/Arbeit_Verschluss/Development/LabDevice/software/LabConsole/Release/arduino.ar(cortex_handlers.c.o)
                0x00084a1e                DACC_Handler
                0x00084a1e                DebugMon_Handler
                0x00084a1e                DMAC_Handler
                0x00084a1e                TRNG_Handler
                0x00084a1e                HardFault_Handler
                0x00084a1e                TC2_Handler
                0x00084a1e                TWI1_Handler
                0x00084a1e                NMI_Handler
                0x00084a1e                TC7_Handler
                0x00084a1e                SMC_Handler
                0x00084a1e                RTT_Handler
                0x00084a1e                EFC1_Handler
                0x00084a1e                RTC_Handler
                0x00084a1e                UsageFault_Handler
                0x00084a1e                TC6_Handler
                0x00084a1e                WDT_Handler
                0x00084a1e                CAN0_Handler
                0x00084a1e                TC4_Handler
                0x00084a1e                TC1_Handler
                0x00084a1e                HSMCI_Handler
                0x00084a1e                TC3_Handler
                0x00084a1e                TWI0_Handler
                0x00084a1e                SSC_Handler
                0x00084a1e                EFC0_Handler
                0x00084a1e                PMC_Handler
                0x00084a1e                PWM_Handler
                0x00084a1e                CAN1_Handler
                0x00084a1e                MemManage_Handler
                0x00084a1e                SUPC_Handler
                0x00084a1e                TC8_Handler
                0x00084a1e                USART2_Handler
                0x00084a1e                EMAC_Handler
                0x00084a1e                BusFault_Handler
                0x00084a1e                RSTC_Handler
                0x00084a1e                TC0_Handler
                0x00084a1e                TC5_Handler
                0x00084a1e                SPI0_Handler
 .text.SVC_Handler
                0x00084a20        0x4 C:/Users/torsten/Documents/Seafile/Arbeit_Verschluss/Development/LabDevice/software/LabConsole/Release/arduino.ar(cortex_handlers.c.o)
                0x00084a20                SVC_Handler
 .text.PendSV_Handler
                0x00084a24        0x4 C:/Users/torsten/Documents/Seafile/Arbeit_Verschluss/Development/LabDevice/software/LabConsole/Release/arduino.ar(cortex_handlers.c.o)
                0x00084a24                PendSV_Handler
 .text.SysTick_Handler
                0x00084a28       0x16 C:/Users/torsten/Documents/Seafile/Arbeit_Verschluss/Development/LabDevice/software/LabConsole/Release/arduino.ar(cortex_handlers.c.o)
                0x00084a28                SysTick_Handler
 .text.__empty  0x00084a3e        0x2 C:/Users/torsten/Documents/Seafile/Arbeit_Verschluss/Development/LabDevice/software/LabConsole/Release/arduino.ar(hooks.c.o)
                0x00084a3e                yield
 .text.__false  0x00084a40        0x4 C:/Users/torsten/Documents/Seafile/Arbeit_Verschluss/Development/LabDevice/software/LabConsole/Release/arduino.ar(hooks.c.o)
                0x00084a40                sysTickHook
 .text.__halt   0x00084a44        0x2 C:/Users/torsten/Documents/Seafile/Arbeit_Verschluss/Development/LabDevice/software/LabConsole/Release/arduino.ar(hooks.c.o)
                0x00084a44                svcHook
                0x00084a44                pendSVHook
 .text.initVariant
                0x00084a46        0x2 C:/Users/torsten/Documents/Seafile/Arbeit_Verschluss/Development/LabDevice/software/LabConsole/Release/arduino.ar(main.cpp.o)
                0x00084a46                initVariant
 .text.startup.main
                0x00084a48       0x38 C:/Users/torsten/Documents/Seafile/Arbeit_Verschluss/Development/LabDevice/software/LabConsole/Release/arduino.ar(main.cpp.o)
                0x00084a48                main
 .text._sbrk    0x00084a80       0x1c C:/Users/torsten/Documents/Seafile/Arbeit_Verschluss/Development/LabDevice/software/LabConsole/Release/arduino.ar(syscalls_sam3.c.o)
                0x00084a80                _sbrk
 .text.link     0x00084a9c        0x6 C:/Users/torsten/Documents/Seafile/Arbeit_Verschluss/Development/LabDevice/software/LabConsole/Release/arduino.ar(syscalls_sam3.c.o)
                0x00084a9c                link
 .text._close   0x00084aa2        0x6 C:/Users/torsten/Documents/Seafile/Arbeit_Verschluss/Development/LabDevice/software/LabConsole/Release/arduino.ar(syscalls_sam3.c.o)
                0x00084aa2                _close
 .text._fstat   0x00084aa8        0xa C:/Users/torsten/Documents/Seafile/Arbeit_Verschluss/Development/LabDevice/software/LabConsole/Release/arduino.ar(syscalls_sam3.c.o)
                0x00084aa8                _fstat
 .text._isatty  0x00084ab2        0x4 C:/Users/torsten/Documents/Seafile/Arbeit_Verschluss/Development/LabDevice/software/LabConsole/Release/arduino.ar(syscalls_sam3.c.o)
                0x00084ab2                _isatty
 .text._lseek   0x00084ab6        0x4 C:/Users/torsten/Documents/Seafile/Arbeit_Verschluss/Development/LabDevice/software/LabConsole/Release/arduino.ar(syscalls_sam3.c.o)
                0x00084ab6                _lseek
 .text._read    0x00084aba        0x4 C:/Users/torsten/Documents/Seafile/Arbeit_Verschluss/Development/LabDevice/software/LabConsole/Release/arduino.ar(syscalls_sam3.c.o)
                0x00084aba                _read
 *fill*         0x00084abe        0x2 
 .text._write   0x00084ac0       0x24 C:/Users/torsten/Documents/Seafile/Arbeit_Verschluss/Development/LabDevice/software/LabConsole/Release/arduino.ar(syscalls_sam3.c.o)
                0x00084ac0                _write
 .text._exit    0x00084ae4       0x10 C:/Users/torsten/Documents/Seafile/Arbeit_Verschluss/Development/LabDevice/software/LabConsole/Release/arduino.ar(syscalls_sam3.c.o)
                0x00084ae4                _exit
 .text._kill    0x00084af4        0x2 C:/Users/torsten/Documents/Seafile/Arbeit_Verschluss/Development/LabDevice/software/LabConsole/Release/arduino.ar(syscalls_sam3.c.o)
                0x00084af4                _kill
 .text._getpid  0x00084af6        0x6 C:/Users/torsten/Documents/Seafile/Arbeit_Verschluss/Development/LabDevice/software/LabConsole/Release/arduino.ar(syscalls_sam3.c.o)
                0x00084af6                _getpid
 .text._watchdogDefaultSetup
                0x00084afc        0xc C:/Users/torsten/Documents/Seafile/Arbeit_Verschluss/Development/LabDevice/software/LabConsole/Release/arduino.ar(watchdog.cpp.o)
                0x00084afc                _watchdogDefaultSetup
                0x00084afc                watchdogSetup()
 .text.micros   0x00084b08       0x74 C:/Users/torsten/Documents/Seafile/Arbeit_Verschluss/Development/LabDevice/software/LabConsole/Release/arduino.ar(wiring.c.o)
                0x00084b08                micros
 .text.delay    0x00084b7c       0x1c C:/Users/torsten/Documents/Seafile/Arbeit_Verschluss/Development/LabDevice/software/LabConsole/Release/arduino.ar(wiring.c.o)
                0x00084b7c                delay
 .text.analogOutputInit
                0x00084b98        0x2 C:/Users/torsten/Documents/Seafile/Arbeit_Verschluss/Development/LabDevice/software/LabConsole/Release/arduino.ar(wiring_analog.c.o)
                0x00084b98                analogOutputInit
 *fill*         0x00084b9a        0x2 
 .text.pinMode  0x00084b9c      0x108 C:/Users/torsten/Documents/Seafile/Arbeit_Verschluss/Development/LabDevice/software/LabConsole/Release/arduino.ar(wiring_digital.c.o)
                0x00084b9c                pinMode
 .text.digitalWrite
                0x00084ca4       0x70 C:/Users/torsten/Documents/Seafile/Arbeit_Verschluss/Development/LabDevice/software/LabConsole/Release/arduino.ar(wiring_digital.c.o)
                0x00084ca4                digitalWrite
 .text.digitalRead
                0x00084d14       0x44 C:/Users/torsten/Documents/Seafile/Arbeit_Verschluss/Development/LabDevice/software/LabConsole/Release/arduino.ar(wiring_digital.c.o)
                0x00084d14                digitalRead
 .text.unlikely._ZL11USB_SendZlpv
                0x00084d58       0x20 C:/Users/torsten/Documents/Seafile/Arbeit_Verschluss/Development/LabDevice/software/LabConsole/Release/arduino.ar(USBCore.cpp.o)
 .text._Z14USBD_Availablem
                0x00084d78       0x2c C:/Users/torsten/Documents/Seafile/Arbeit_Verschluss/Development/LabDevice/software/LabConsole/Release/arduino.ar(USBCore.cpp.o)
                0x00084d78                USBD_Available(unsigned long)
 .text._Z9USBD_RecvmPvm
                0x00084da4       0x7c C:/Users/torsten/Documents/Seafile/Arbeit_Verschluss/Development/LabDevice/software/LabConsole/Release/arduino.ar(USBCore.cpp.o)
                0x00084da4                USBD_Recv(unsigned long, void*, unsigned long)
 .text._Z9USBD_Recvm
                0x00084e20       0x22 C:/Users/torsten/Documents/Seafile/Arbeit_Verschluss/Development/LabDevice/software/LabConsole/Release/arduino.ar(USBCore.cpp.o)
                0x00084e20                USBD_Recv(unsigned long)
 *fill*         0x00084e42        0x2 
 .text._Z9USBD_SendmPKvm
                0x00084e44       0x4c C:/Users/torsten/Documents/Seafile/Arbeit_Verschluss/Development/LabDevice/software/LabConsole/Release/arduino.ar(USBCore.cpp.o)
                0x00084e44                USBD_Send(unsigned long, void const*, unsigned long)
 .text._Z16USBD_SendControlhPKvm
                0x00084e90       0x40 C:/Users/torsten/Documents/Seafile/Arbeit_Verschluss/Development/LabDevice/software/LabConsole/Release/arduino.ar(USBCore.cpp.o)
                0x00084e90                USBD_SendControl(unsigned char, void const*, unsigned long)
 .text.unlikely._ZL24USB_SendStringDescriptorPKhi
                0x00084ed0       0x64 C:/Users/torsten/Documents/Seafile/Arbeit_Verschluss/Development/LabDevice/software/LabConsole/Release/arduino.ar(USBCore.cpp.o)
 .text._Z16USBD_RecvControlPvm
                0x00084f34       0x1c C:/Users/torsten/Documents/Seafile/Arbeit_Verschluss/Development/LabDevice/software/LabConsole/Release/arduino.ar(USBCore.cpp.o)
                0x00084f34                USBD_RecvControl(void*, unsigned long)
 .text._Z26USBD_ClassInterfaceRequestR8USBSetup
                0x00084f50       0x1e C:/Users/torsten/Documents/Seafile/Arbeit_Verschluss/Development/LabDevice/software/LabConsole/Release/arduino.ar(USBCore.cpp.o)
                0x00084f50                USBD_ClassInterfaceRequest(USBSetup&)
 .text._Z19USBD_SendInterfacesv
                0x00084f6e       0x22 C:/Users/torsten/Documents/Seafile/Arbeit_Verschluss/Development/LabDevice/software/LabConsole/Release/arduino.ar(USBCore.cpp.o)
                0x00084f6e                USBD_SendInterfaces()
 .text._Z24USBD_SendOtherInterfacesv
                0x00084f90       0x22 C:/Users/torsten/Documents/Seafile/Arbeit_Verschluss/Development/LabDevice/software/LabConsole/Release/arduino.ar(USBCore.cpp.o)
                0x00084f90                USBD_SendOtherInterfaces()
 .text._Z10USBD_Flushm
                0x00084fb2       0x16 C:/Users/torsten/Documents/Seafile/Arbeit_Verschluss/Development/LabDevice/software/LabConsole/Release/arduino.ar(USBCore.cpp.o)
                0x00084fb2                USBD_Flush(unsigned long)
 .text._ZN10USBDevice_C2Ev
                0x00084fc8       0x24 C:/Users/torsten/Documents/Seafile/Arbeit_Verschluss/Development/LabDevice/software/LabConsole/Release/arduino.ar(USBCore.cpp.o)
                0x00084fc8                USBDevice_::USBDevice_()
                0x00084fc8                USBDevice_::USBDevice_()
 .text._ZN10USBDevice_6attachEv
                0x00084fec       0x20 C:/Users/torsten/Documents/Seafile/Arbeit_Verschluss/Development/LabDevice/software/LabConsole/Release/arduino.ar(USBCore.cpp.o)
                0x00084fec                USBDevice_::attach()
 .text.startup._GLOBAL__sub_I_EndPoints
                0x0008500c        0xc C:/Users/torsten/Documents/Seafile/Arbeit_Verschluss/Development/LabDevice/software/LabConsole/Release/arduino.ar(USBCore.cpp.o)
 .text._ZL7USB_ISRv
                0x00085018      0x454 C:/Users/torsten/Documents/Seafile/Arbeit_Verschluss/Development/LabDevice/software/LabConsole/Release/arduino.ar(USBCore.cpp.o)
 .text.initiateReset
                0x0008546c        0xc C:/Users/torsten/Documents/Seafile/Arbeit_Verschluss/Development/LabDevice/software/LabConsole/Release/arduino.ar(Reset.cpp.o)
                0x0008546c                initiateReset
 .text.cancelReset
                0x00085478       0x10 C:/Users/torsten/Documents/Seafile/Arbeit_Verschluss/Development/LabDevice/software/LabConsole/Release/arduino.ar(Reset.cpp.o)
                0x00085478                cancelReset
 .text.tickReset
                0x00085488       0x20 C:/Users/torsten/Documents/Seafile/Arbeit_Verschluss/Development/LabDevice/software/LabConsole/Release/arduino.ar(Reset.cpp.o)
                0x00085488                tickReset
 .text._ZN7Serial_9availableEv
                0x000854a8       0x18 C:/Users/torsten/Documents/Seafile/Arbeit_Verschluss/Development/LabDevice/software/LabConsole/Release/arduino.ar(CDC.cpp.o)
                0x000854a8                Serial_::available()
 .text._ZN7Serial_17availableForWriteEv
                0x000854c0        0x6 C:/Users/torsten/Documents/Seafile/Arbeit_Verschluss/Development/LabDevice/software/LabConsole/Release/arduino.ar(CDC.cpp.o)
                0x000854c0                Serial_::availableForWrite()
 *fill*         0x000854c6        0x2 
 .text._ZN7Serial_4peekEv
                0x000854c8       0x20 C:/Users/torsten/Documents/Seafile/Arbeit_Verschluss/Development/LabDevice/software/LabConsole/Release/arduino.ar(CDC.cpp.o)
                0x000854c8                Serial_::peek()
 .text._ZN7Serial_5writeEh
                0x000854e8       0x16 C:/Users/torsten/Documents/Seafile/Arbeit_Verschluss/Development/LabDevice/software/LabConsole/Release/arduino.ar(CDC.cpp.o)
                0x000854e8                Serial_::write(unsigned char)
 *fill*         0x000854fe        0x2 
 .text._ZN7Serial_4readEv
                0x00085500       0x44 C:/Users/torsten/Documents/Seafile/Arbeit_Verschluss/Development/LabDevice/software/LabConsole/Release/arduino.ar(CDC.cpp.o)
                0x00085500                Serial_::read()
 .text._ZN7Serial_5flushEv
                0x00085544        0x6 C:/Users/torsten/Documents/Seafile/Arbeit_Verschluss/Development/LabDevice/software/LabConsole/Release/arduino.ar(CDC.cpp.o)
                0x00085544                Serial_::flush()
 *fill*         0x0008554a        0x2 
 .text._ZN7Serial_6acceptEv
                0x0008554c       0x70 C:/Users/torsten/Documents/Seafile/Arbeit_Verschluss/Development/LabDevice/software/LabConsole/Release/arduino.ar(CDC.cpp.o)
                0x0008554c                Serial_::accept()
 .text._ZN7Serial_5writeEPKhj
                0x000855bc       0x2c C:/Users/torsten/Documents/Seafile/Arbeit_Verschluss/Development/LabDevice/software/LabConsole/Release/arduino.ar(CDC.cpp.o)
                0x000855bc                Serial_::write(unsigned char const*, unsigned int)
 .text._Z16CDC_GetInterfacePh
                0x000855e8       0x14 C:/Users/torsten/Documents/Seafile/Arbeit_Verschluss/Development/LabDevice/software/LabConsole/Release/arduino.ar(CDC.cpp.o)
                0x000855e8                CDC_GetInterface(unsigned char*)
 .text._Z21CDC_GetOtherInterfacePh
                0x000855fc       0x14 C:/Users/torsten/Documents/Seafile/Arbeit_Verschluss/Development/LabDevice/software/LabConsole/Release/arduino.ar(CDC.cpp.o)
                0x000855fc                CDC_GetOtherInterface(unsigned char*)
 .text._Z9CDC_SetupR8USBSetup
                0x00085610       0x78 C:/Users/torsten/Documents/Seafile/Arbeit_Verschluss/Development/LabDevice/software/LabConsole/Release/arduino.ar(CDC.cpp.o)
                0x00085610                CDC_Setup(USBSetup&)
 .text.startup._GLOBAL__sub_I_cdc_rx_buffer
                0x00085688       0x1c C:/Users/torsten/Documents/Seafile/Arbeit_Verschluss/Development/LabDevice/software/LabConsole/Release/arduino.ar(CDC.cpp.o)
 .text._ZN13PluggableUSB_12getInterfaceEPh
                0x000856a4       0x28 C:/Users/torsten/Documents/Seafile/Arbeit_Verschluss/Development/LabDevice/software/LabConsole/Release/arduino.ar(PluggableUSB.cpp.o)
                0x000856a4                PluggableUSB_::getInterface(unsigned char*)
 .text._ZN13PluggableUSB_13getDescriptorER8USBSetup
                0x000856cc       0x1c C:/Users/torsten/Documents/Seafile/Arbeit_Verschluss/Development/LabDevice/software/LabConsole/Release/arduino.ar(PluggableUSB.cpp.o)
                0x000856cc                PluggableUSB_::getDescriptor(USBSetup&)
 .text._ZN13PluggableUSB_12getShortNameEPc
                0x000856e8       0x1c C:/Users/torsten/Documents/Seafile/Arbeit_Verschluss/Development/LabDevice/software/LabConsole/Release/arduino.ar(PluggableUSB.cpp.o)
                0x000856e8                PluggableUSB_::getShortName(char*)
 .text._ZN13PluggableUSB_5setupER8USBSetup
                0x00085704       0x20 C:/Users/torsten/Documents/Seafile/Arbeit_Verschluss/Development/LabDevice/software/LabConsole/Release/arduino.ar(PluggableUSB.cpp.o)
                0x00085704                PluggableUSB_::setup(USBSetup&)
 .text._Z12PluggableUSBv
                0x00085724       0x28 C:/Users/torsten/Documents/Seafile/Arbeit_Verschluss/Development/LabDevice/software/LabConsole/Release/arduino.ar(PluggableUSB.cpp.o)
                0x00085724                PluggableUSB()
 .text.TimeTick_Increment
                0x0008574c       0x10 C:\Users\torsten\eclipse\cpp-photon\eclipse\arduinoPlugin\packages\arduino\hardware\sam\1.6.11\variants\arduino_due_x/libsam_sam3x8e_gcc_rel.a(timetick.o)
                0x0008574c                TimeTick_Increment
 .text.GetTickCount
                0x0008575c        0xc C:\Users\torsten\eclipse\cpp-photon\eclipse\arduinoPlugin\packages\arduino\hardware\sam\1.6.11\variants\arduino_due_x/libsam_sam3x8e_gcc_rel.a(timetick.o)
                0x0008575c                GetTickCount
 .text.WDT_Disable
                0x00085768        0x8 C:\Users\torsten\eclipse\cpp-photon\eclipse\arduinoPlugin\packages\arduino\hardware\sam\1.6.11\variants\arduino_due_x/libsam_sam3x8e_gcc_rel.a(wdt.o)
                0x00085768                WDT_Disable
 .text.UDD_SetStack
                0x00085770        0xc C:\Users\torsten\eclipse\cpp-photon\eclipse\arduinoPlugin\packages\arduino\hardware\sam\1.6.11\variants\arduino_due_x/libsam_sam3x8e_gcc_rel.a(uotghs_device.o)
                0x00085770                UDD_SetStack
 .text.UDD_Init
                0x0008577c       0xd0 C:\Users\torsten\eclipse\cpp-photon\eclipse\arduinoPlugin\packages\arduino\hardware\sam\1.6.11\variants\arduino_due_x/libsam_sam3x8e_gcc_rel.a(uotghs_device.o)
                0x0008577c                UDD_Init
 .text.UDD_Attach
                0x0008584c       0x50 C:\Users\torsten\eclipse\cpp-photon\eclipse\arduinoPlugin\packages\arduino\hardware\sam\1.6.11\variants\arduino_due_x/libsam_sam3x8e_gcc_rel.a(uotghs_device.o)
                0x0008584c                UDD_Attach
 .text.UDD_InitEP
                0x0008589c       0x2c C:\Users\torsten\eclipse\cpp-photon\eclipse\arduinoPlugin\packages\arduino\hardware\sam\1.6.11\variants\arduino_due_x/libsam_sam3x8e_gcc_rel.a(uotghs_device.o)
                0x0008589c                UDD_InitEP
 .text.UDD_InitEndpoints
                0x000858c8       0x3c C:\Users\torsten\eclipse\cpp-photon\eclipse\arduinoPlugin\packages\arduino\hardware\sam\1.6.11\variants\arduino_due_x/libsam_sam3x8e_gcc_rel.a(uotghs_device.o)
                0x000858c8                UDD_InitEndpoints
 .text.UDD_WaitIN
                0x00085904       0x10 C:\Users\torsten\eclipse\cpp-photon\eclipse\arduinoPlugin\packages\arduino\hardware\sam\1.6.11\variants\arduino_due_x/libsam_sam3x8e_gcc_rel.a(uotghs_device.o)
                0x00085904                UDD_WaitIN
 .text.UDD_WaitOUT
                0x00085914       0x10 C:\Users\torsten\eclipse\cpp-photon\eclipse\arduinoPlugin\packages\arduino\hardware\sam\1.6.11\variants\arduino_due_x/libsam_sam3x8e_gcc_rel.a(uotghs_device.o)
                0x00085914                UDD_WaitOUT
 .text.UDD_ClearIN
                0x00085924       0x18 C:\Users\torsten\eclipse\cpp-photon\eclipse\arduinoPlugin\packages\arduino\hardware\sam\1.6.11\variants\arduino_due_x/libsam_sam3x8e_gcc_rel.a(uotghs_device.o)
                0x00085924                UDD_ClearIN
 .text.UDD_ClearOUT
                0x0008593c       0x18 C:\Users\torsten\eclipse\cpp-photon\eclipse\arduinoPlugin\packages\arduino\hardware\sam\1.6.11\variants\arduino_due_x/libsam_sam3x8e_gcc_rel.a(uotghs_device.o)
                0x0008593c                UDD_ClearOUT
 .text.UDD_ReceivedSetupInt
                0x00085954       0x10 C:\Users\torsten\eclipse\cpp-photon\eclipse\arduinoPlugin\packages\arduino\hardware\sam\1.6.11\variants\arduino_due_x/libsam_sam3x8e_gcc_rel.a(uotghs_device.o)
                0x00085954                UDD_ReceivedSetupInt
 .text.UDD_ClearSetupInt
                0x00085964       0x10 C:\Users\torsten\eclipse\cpp-photon\eclipse\arduinoPlugin\packages\arduino\hardware\sam\1.6.11\variants\arduino_due_x/libsam_sam3x8e_gcc_rel.a(uotghs_device.o)
                0x00085964                UDD_ClearSetupInt
 .text.UDD_Send
                0x00085974       0x88 C:\Users\torsten\eclipse\cpp-photon\eclipse\arduinoPlugin\packages\arduino\hardware\sam\1.6.11\variants\arduino_due_x/libsam_sam3x8e_gcc_rel.a(uotghs_device.o)
                0x00085974                UDD_Send
 .text.UDD_Send8
                0x000859fc       0x24 C:\Users\torsten\eclipse\cpp-photon\eclipse\arduinoPlugin\packages\arduino\hardware\sam\1.6.11\variants\arduino_due_x/libsam_sam3x8e_gcc_rel.a(uotghs_device.o)
                0x000859fc                UDD_Send8
 .text.UDD_Recv8
                0x00085a20       0x28 C:\Users\torsten\eclipse\cpp-photon\eclipse\arduinoPlugin\packages\arduino\hardware\sam\1.6.11\variants\arduino_due_x/libsam_sam3x8e_gcc_rel.a(uotghs_device.o)
                0x00085a20                UDD_Recv8
 .text.UDD_Recv
                0x00085a48       0x34 C:\Users\torsten\eclipse\cpp-photon\eclipse\arduinoPlugin\packages\arduino\hardware\sam\1.6.11\variants\arduino_due_x/libsam_sam3x8e_gcc_rel.a(uotghs_device.o)
                0x00085a48                UDD_Recv
 .text.UDD_Stall
                0x00085a7c       0x14 C:\Users\torsten\eclipse\cpp-photon\eclipse\arduinoPlugin\packages\arduino\hardware\sam\1.6.11\variants\arduino_due_x/libsam_sam3x8e_gcc_rel.a(uotghs_device.o)
                0x00085a7c                UDD_Stall
 .text.UDD_FifoByteCount
                0x00085a90       0x14 C:\Users\torsten\eclipse\cpp-photon\eclipse\arduinoPlugin\packages\arduino\hardware\sam\1.6.11\variants\arduino_due_x/libsam_sam3x8e_gcc_rel.a(uotghs_device.o)
                0x00085a90                UDD_FifoByteCount
 .text.UDD_ReleaseRX
                0x00085aa4       0x28 C:\Users\torsten\eclipse\cpp-photon\eclipse\arduinoPlugin\packages\arduino\hardware\sam\1.6.11\variants\arduino_due_x/libsam_sam3x8e_gcc_rel.a(uotghs_device.o)
                0x00085aa4                UDD_ReleaseRX
 .text.UDD_ReleaseTX
                0x00085acc       0x28 C:\Users\torsten\eclipse\cpp-photon\eclipse\arduinoPlugin\packages\arduino\hardware\sam\1.6.11\variants\arduino_due_x/libsam_sam3x8e_gcc_rel.a(uotghs_device.o)
                0x00085acc                UDD_ReleaseTX
 .text.UDD_SetAddress
                0x00085af4       0x20 C:\Users\torsten\eclipse\cpp-photon\eclipse\arduinoPlugin\packages\arduino\hardware\sam\1.6.11\variants\arduino_due_x/libsam_sam3x8e_gcc_rel.a(uotghs_device.o)
                0x00085af4                UDD_SetAddress
 .text.__fpclassifyd
                0x00085b14       0x50 c:/users/torsten/eclipse/cpp-photon/eclipse/arduinoplugin/packages/arduino/tools/arm-none-eabi-gcc/4.8.3-2014q1/bin/../lib/gcc/arm-none-eabi/4.8.3/../../../../arm-none-eabi/lib/armv7-m\libm.a(lib_a-s_fpclassify.o)
                0x00085b14                __fpclassifyd
 .text          0x00085b64      0x370 c:/users/torsten/eclipse/cpp-photon/eclipse/arduinoplugin/packages/arduino/tools/arm-none-eabi-gcc/4.8.3-2014q1/bin/../lib/gcc/arm-none-eabi/4.8.3/armv7-m\libgcc.a(_arm_addsubdf3.o)
                0x00085b64                __aeabi_drsub
                0x00085b6c                __aeabi_dsub
                0x00085b6c                __subdf3
                0x00085b70                __aeabi_dadd
                0x00085b70                __adddf3
                0x00085de8                __floatunsidf
                0x00085de8                __aeabi_ui2d
                0x00085e08                __floatsidf
                0x00085e08                __aeabi_i2d
                0x00085e2c                __aeabi_f2d
                0x00085e2c                __extendsfdf2
                0x00085e68                __floatundidf
                0x00085e68                __aeabi_ul2d
                0x00085e78                __floatdidf
                0x00085e78                __aeabi_l2d
 .text          0x00085ed4      0x424 c:/users/torsten/eclipse/cpp-photon/eclipse/arduinoplugin/packages/arduino/tools/arm-none-eabi-gcc/4.8.3-2014q1/bin/../lib/gcc/arm-none-eabi/4.8.3/armv7-m\libgcc.a(_arm_muldivdf3.o)
                0x00085ed4                __aeabi_dmul
                0x00085ed4                __muldf3
                0x00086128                __divdf3
                0x00086128                __aeabi_ddiv
 .text          0x000862f8      0x110 c:/users/torsten/eclipse/cpp-photon/eclipse/arduinoplugin/packages/arduino/tools/arm-none-eabi-gcc/4.8.3-2014q1/bin/../lib/gcc/arm-none-eabi/4.8.3/armv7-m\libgcc.a(_arm_cmpdf2.o)
                0x000862f8                __gtdf2
                0x000862f8                __gedf2
                0x00086300                __ltdf2
                0x00086300                __ledf2
                0x00086308                __nedf2
                0x00086308                __eqdf2
                0x00086308                __cmpdf2
                0x00086384                __aeabi_cdrcmple
                0x00086394                __aeabi_cdcmpeq
                0x00086394                __aeabi_cdcmple
                0x000863a4                __aeabi_dcmpeq
                0x000863b8                __aeabi_dcmplt
                0x000863cc                __aeabi_dcmple
                0x000863e0                __aeabi_dcmpge
                0x000863f4                __aeabi_dcmpgt
 .text          0x00086408       0x50 c:/users/torsten/eclipse/cpp-photon/eclipse/arduinoplugin/packages/arduino/tools/arm-none-eabi-gcc/4.8.3-2014q1/bin/../lib/gcc/arm-none-eabi/4.8.3/armv7-m\libgcc.a(_arm_fixdfsi.o)
                0x00086408                __aeabi_d2iz
                0x00086408                __fixdfsi
 .text          0x00086458       0x40 c:/users/torsten/eclipse/cpp-photon/eclipse/arduinoplugin/packages/arduino/tools/arm-none-eabi-gcc/4.8.3-2014q1/bin/../lib/gcc/arm-none-eabi/4.8.3/armv7-m\libgcc.a(_arm_fixunsdfsi.o)
                0x00086458                __aeabi_d2uiz
                0x00086458                __fixunsdfsi
 .text          0x00086498       0xa0 c:/users/torsten/eclipse/cpp-photon/eclipse/arduinoplugin/packages/arduino/tools/arm-none-eabi-gcc/4.8.3-2014q1/bin/../lib/gcc/arm-none-eabi/4.8.3/armv7-m\libgcc.a(_arm_truncdfsf2.o)
                0x00086498                __truncdfsf2
                0x00086498                __aeabi_d2f
 .text          0x00086538      0x21c c:/users/torsten/eclipse/cpp-photon/eclipse/arduinoplugin/packages/arduino/tools/arm-none-eabi-gcc/4.8.3-2014q1/bin/../lib/gcc/arm-none-eabi/4.8.3/armv7-m\libgcc.a(_arm_addsubsf3.o)
                0x00086538                __aeabi_frsub
                0x00086540                __subsf3
                0x00086540                __aeabi_fsub
                0x00086544                __aeabi_fadd
                0x00086544                __addsf3
                0x000866a4                __aeabi_ui2f
                0x000866a4                __floatunsisf
                0x000866ac                __aeabi_i2f
                0x000866ac                __floatsisf
                0x000866c8                __aeabi_ul2f
                0x000866c8                __floatundisf
                0x000866d8                __aeabi_l2f
                0x000866d8                __floatdisf
 .text          0x00086754      0x2a0 c:/users/torsten/eclipse/cpp-photon/eclipse/arduinoplugin/packages/arduino/tools/arm-none-eabi-gcc/4.8.3-2014q1/bin/../lib/gcc/arm-none-eabi/4.8.3/armv7-m\libgcc.a(_arm_muldivsf3.o)
                0x00086754                __mulsf3
                0x00086754                __aeabi_fmul
                0x000868bc                __aeabi_fdiv
                0x000868bc                __divsf3
 .text          0x000869f4       0xec c:/users/torsten/eclipse/cpp-photon/eclipse/arduinoplugin/packages/arduino/tools/arm-none-eabi-gcc/4.8.3-2014q1/bin/../lib/gcc/arm-none-eabi/4.8.3/armv7-m\libgcc.a(_arm_cmpsf2.o)
                0x000869f4                __gesf2
                0x000869f4                __gtsf2
                0x000869fc                __lesf2
                0x000869fc                __ltsf2
                0x00086a04                __nesf2
                0x00086a04                __eqsf2
                0x00086a04                __cmpsf2
                0x00086a64                __aeabi_cfrcmple
                0x00086a6c                __aeabi_cfcmpeq
                0x00086a6c                __aeabi_cfcmple
                0x00086a7c                __aeabi_fcmpeq
                0x00086a90                __aeabi_fcmplt
                0x00086aa4                __aeabi_fcmple
                0x00086ab8                __aeabi_fcmpge
                0x00086acc                __aeabi_fcmpgt
 .text          0x00086ae0       0x4c c:/users/torsten/eclipse/cpp-photon/eclipse/arduinoplugin/packages/arduino/tools/arm-none-eabi-gcc/4.8.3-2014q1/bin/../lib/gcc/arm-none-eabi/4.8.3/armv7-m\libgcc.a(_arm_fixsfsi.o)
                0x00086ae0                __aeabi_f2iz
                0x00086ae0                __fixsfsi
 .text.__libc_init_array
                0x00086b2c       0x50 c:/users/torsten/eclipse/cpp-photon/eclipse/arduinoplugin/packages/arduino/tools/arm-none-eabi-gcc/4.8.3-2014q1/bin/../lib/gcc/arm-none-eabi/4.8.3/../../../../arm-none-eabi/lib/armv7-m\libg.a(lib_a-init.o)
                0x00086b2c                __libc_init_array
 .text.iprintf  0x00086b7c       0x28 c:/users/torsten/eclipse/cpp-photon/eclipse/arduinoplugin/packages/arduino/tools/arm-none-eabi-gcc/4.8.3-2014q1/bin/../lib/gcc/arm-none-eabi/4.8.3/../../../../arm-none-eabi/lib/armv7-m\libg.a(lib_a-iprintf.o)
                0x00086b7c                iprintf
 .text.malloc   0x00086ba4       0x10 c:/users/torsten/eclipse/cpp-photon/eclipse/arduinoplugin/packages/arduino/tools/arm-none-eabi-gcc/4.8.3-2014q1/bin/../lib/gcc/arm-none-eabi/4.8.3/../../../../arm-none-eabi/lib/armv7-m\libg.a(lib_a-malloc.o)
                0x00086ba4                malloc
 .text._malloc_r
                0x00086bb4      0x538 c:/users/torsten/eclipse/cpp-photon/eclipse/arduinoplugin/packages/arduino/tools/arm-none-eabi-gcc/4.8.3-2014q1/bin/../lib/gcc/arm-none-eabi/4.8.3/../../../../arm-none-eabi/lib/armv7-m\libg.a(lib_a-mallocr.o)
                0x00086bb4                _malloc_r
 .text.memset   0x000870ec       0x94 c:/users/torsten/eclipse/cpp-photon/eclipse/arduinoplugin/packages/arduino/tools/arm-none-eabi-gcc/4.8.3-2014q1/bin/../lib/gcc/arm-none-eabi/4.8.3/../../../../arm-none-eabi/lib/armv7-m\libg.a(lib_a-memset.o)
                0x000870ec                memset
 .text.__malloc_lock
                0x00087180        0x4 c:/users/torsten/eclipse/cpp-photon/eclipse/arduinoplugin/packages/arduino/tools/arm-none-eabi-gcc/4.8.3-2014q1/bin/../lib/gcc/arm-none-eabi/4.8.3/../../../../arm-none-eabi/lib/armv7-m\libg.a(lib_a-mlock.o)
                0x00087180                __malloc_lock
 .text.__malloc_unlock
                0x00087184        0x4 c:/users/torsten/eclipse/cpp-photon/eclipse/arduinoplugin/packages/arduino/tools/arm-none-eabi-gcc/4.8.3-2014q1/bin/../lib/gcc/arm-none-eabi/4.8.3/../../../../arm-none-eabi/lib/armv7-m\libg.a(lib_a-mlock.o)
                0x00087184                __malloc_unlock
 .text._sbrk_r  0x00087188       0x24 c:/users/torsten/eclipse/cpp-photon/eclipse/arduinoplugin/packages/arduino/tools/arm-none-eabi-gcc/4.8.3-2014q1/bin/../lib/gcc/arm-none-eabi/4.8.3/../../../../arm-none-eabi/lib/armv7-m\libg.a(lib_a-sbrkr.o)
                0x00087188                _sbrk_r
 .text.strlen   0x000871ac       0x60 c:/users/torsten/eclipse/cpp-photon/eclipse/arduinoplugin/packages/arduino/tools/arm-none-eabi-gcc/4.8.3-2014q1/bin/../lib/gcc/arm-none-eabi/4.8.3/../../../../arm-none-eabi/lib/armv7-m\libg.a(lib_a-strlen.o)
                0x000871ac                strlen
 .text.kill     0x0008720c       0x10 c:/users/torsten/eclipse/cpp-photon/eclipse/arduinoplugin/packages/arduino/tools/arm-none-eabi-gcc/4.8.3-2014q1/bin/../lib/gcc/arm-none-eabi/4.8.3/../../../../arm-none-eabi/lib/armv7-m\libg.a(lib_a-syskill.o)
                0x0008720c                kill
 .text.__sprint_r.part.0
                0x0008721c       0x78 c:/users/torsten/eclipse/cpp-photon/eclipse/arduinoplugin/packages/arduino/tools/arm-none-eabi-gcc/4.8.3-2014q1/bin/../lib/gcc/arm-none-eabi/4.8.3/../../../../arm-none-eabi/lib/armv7-m\libg.a(lib_a-vfiprintf.o)
 .text._vfiprintf_r
                0x00087294      0xc54 c:/users/torsten/eclipse/cpp-photon/eclipse/arduinoplugin/packages/arduino/tools/arm-none-eabi-gcc/4.8.3-2014q1/bin/../lib/gcc/arm-none-eabi/4.8.3/../../../../arm-none-eabi/lib/armv7-m\libg.a(lib_a-vfiprintf.o)
                0x00087294                _vfiprintf_r
 .text.__sbprintf
                0x00087ee8       0x7c c:/users/torsten/eclipse/cpp-photon/eclipse/arduinoplugin/packages/arduino/tools/arm-none-eabi-gcc/4.8.3-2014q1/bin/../lib/gcc/arm-none-eabi/4.8.3/../../../../arm-none-eabi/lib/armv7-m\libg.a(lib_a-vfiprintf.o)
 .text.__swsetup_r
                0x00087f64       0xc4 c:/users/torsten/eclipse/cpp-photon/eclipse/arduinoplugin/packages/arduino/tools/arm-none-eabi-gcc/4.8.3-2014q1/bin/../lib/gcc/arm-none-eabi/4.8.3/../../../../arm-none-eabi/lib/armv7-m\libg.a(lib_a-wsetup.o)
                0x00087f64                __swsetup_r
 .text.startup.register_fini
                0x00088028       0x14 c:/users/torsten/eclipse/cpp-photon/eclipse/arduinoplugin/packages/arduino/tools/arm-none-eabi-gcc/4.8.3-2014q1/bin/../lib/gcc/arm-none-eabi/4.8.3/../../../../arm-none-eabi/lib/armv7-m\libg.a(lib_a-__call_atexit.o)
 .text.atexit   0x0008803c        0xc c:/users/torsten/eclipse/cpp-photon/eclipse/arduinoplugin/packages/arduino/tools/arm-none-eabi-gcc/4.8.3-2014q1/bin/../lib/gcc/arm-none-eabi/4.8.3/../../../../arm-none-eabi/lib/armv7-m\libg.a(lib_a-atexit.o)
                0x0008803c                atexit
 .text.__sflush_r
                0x00088048      0x148 c:/users/torsten/eclipse/cpp-photon/eclipse/arduinoplugin/packages/arduino/tools/arm-none-eabi-gcc/4.8.3-2014q1/bin/../lib/gcc/arm-none-eabi/4.8.3/../../../../arm-none-eabi/lib/armv7-m\libg.a(lib_a-fflush.o)
                0x00088048                __sflush_r
 .text._fflush_r
                0x00088190       0x2c c:/users/torsten/eclipse/cpp-photon/eclipse/arduinoplugin/packages/arduino/tools/arm-none-eabi-gcc/4.8.3-2014q1/bin/../lib/gcc/arm-none-eabi/4.8.3/../../../../arm-none-eabi/lib/armv7-m\libg.a(lib_a-fflush.o)
                0x00088190                _fflush_r
 .text._cleanup_r
                0x000881bc        0xc c:/users/torsten/eclipse/cpp-photon/eclipse/arduinoplugin/packages/arduino/tools/arm-none-eabi-gcc/4.8.3-2014q1/bin/../lib/gcc/arm-none-eabi/4.8.3/../../../../arm-none-eabi/lib/armv7-m\libg.a(lib_a-findfp.o)
                0x000881bc                _cleanup_r
 .text.__sinit  0x000881c8       0xf4 c:/users/torsten/eclipse/cpp-photon/eclipse/arduinoplugin/packages/arduino/tools/arm-none-eabi-gcc/4.8.3-2014q1/bin/../lib/gcc/arm-none-eabi/4.8.3/../../../../arm-none-eabi/lib/armv7-m\libg.a(lib_a-findfp.o)
                0x000881c8                __sinit
 .text.__sfp_lock_acquire
                0x000882bc        0x4 c:/users/torsten/eclipse/cpp-photon/eclipse/arduinoplugin/packages/arduino/tools/arm-none-eabi-gcc/4.8.3-2014q1/bin/../lib/gcc/arm-none-eabi/4.8.3/../../../../arm-none-eabi/lib/armv7-m\libg.a(lib_a-findfp.o)
                0x000882bc                __sfp_lock_acquire
 .text.__sfp_lock_release
                0x000882c0        0x4 c:/users/torsten/eclipse/cpp-photon/eclipse/arduinoplugin/packages/arduino/tools/arm-none-eabi-gcc/4.8.3-2014q1/bin/../lib/gcc/arm-none-eabi/4.8.3/../../../../arm-none-eabi/lib/armv7-m\libg.a(lib_a-findfp.o)
                0x000882c0                __sfp_lock_release
 .text.__libc_fini_array
                0x000882c4       0x30 c:/users/torsten/eclipse/cpp-photon/eclipse/arduinoplugin/packages/arduino/tools/arm-none-eabi-gcc/4.8.3-2014q1/bin/../lib/gcc/arm-none-eabi/4.8.3/../../../../arm-none-eabi/lib/armv7-m\libg.a(lib_a-fini.o)
                0x000882c4                __libc_fini_array
 .text._fputwc_r
                0x000882f4       0xc0 c:/users/torsten/eclipse/cpp-photon/eclipse/arduinoplugin/packages/arduino/tools/arm-none-eabi-gcc/4.8.3-2014q1/bin/../lib/gcc/arm-none-eabi/4.8.3/../../../../arm-none-eabi/lib/armv7-m\libg.a(lib_a-fputwc.o)
                0x000882f4                _fputwc_r
 .text._malloc_trim_r
                0x000883b4       0x9c c:/users/torsten/eclipse/cpp-photon/eclipse/arduinoplugin/packages/arduino/tools/arm-none-eabi-gcc/4.8.3-2014q1/bin/../lib/gcc/arm-none-eabi/4.8.3/../../../../arm-none-eabi/lib/armv7-m\libg.a(lib_a-freer.o)
                0x000883b4                _malloc_trim_r
 .text._free_r  0x00088450      0x198 c:/users/torsten/eclipse/cpp-photon/eclipse/arduinoplugin/packages/arduino/tools/arm-none-eabi-gcc/4.8.3-2014q1/bin/../lib/gcc/arm-none-eabi/4.8.3/../../../../arm-none-eabi/lib/armv7-m\libg.a(lib_a-freer.o)
                0x00088450                _free_r
 .text.__sfvwrite_r
                0x000885e8      0x314 c:/users/torsten/eclipse/cpp-photon/eclipse/arduinoplugin/packages/arduino/tools/arm-none-eabi-gcc/4.8.3-2014q1/bin/../lib/gcc/arm-none-eabi/4.8.3/../../../../arm-none-eabi/lib/armv7-m\libg.a(lib_a-fvwrite.o)
                0x000885e8                __sfvwrite_r
 .text._fwalk   0x000888fc       0x48 c:/users/torsten/eclipse/cpp-photon/eclipse/arduinoplugin/packages/arduino/tools/arm-none-eabi-gcc/4.8.3-2014q1/bin/../lib/gcc/arm-none-eabi/4.8.3/../../../../arm-none-eabi/lib/armv7-m\libg.a(lib_a-fwalk.o)
                0x000888fc                _fwalk
 .text.__locale_charset
                0x00088944        0x8 c:/users/torsten/eclipse/cpp-photon/eclipse/arduinoplugin/packages/arduino/tools/arm-none-eabi-gcc/4.8.3-2014q1/bin/../lib/gcc/arm-none-eabi/4.8.3/../../../../arm-none-eabi/lib/armv7-m\libg.a(lib_a-locale.o)
                0x00088944                __locale_charset
 .text.__locale_mb_cur_max
                0x0008894c        0xc c:/users/torsten/eclipse/cpp-photon/eclipse/arduinoplugin/packages/arduino/tools/arm-none-eabi-gcc/4.8.3-2014q1/bin/../lib/gcc/arm-none-eabi/4.8.3/../../../../arm-none-eabi/lib/armv7-m\libg.a(lib_a-locale.o)
                0x0008894c                __locale_mb_cur_max
 .text.__smakebuf_r
                0x00088958       0xe0 c:/users/torsten/eclipse/cpp-photon/eclipse/arduinoplugin/packages/arduino/tools/arm-none-eabi-gcc/4.8.3-2014q1/bin/../lib/gcc/arm-none-eabi/4.8.3/../../../../arm-none-eabi/lib/armv7-m\libg.a(lib_a-makebuf.o)
                0x00088958                __smakebuf_r
 .text.memchr   0x00088a38       0x94 c:/users/torsten/eclipse/cpp-photon/eclipse/arduinoplugin/packages/arduino/tools/arm-none-eabi-gcc/4.8.3-2014q1/bin/../lib/gcc/arm-none-eabi/4.8.3/../../../../arm-none-eabi/lib/armv7-m\libg.a(lib_a-memchr-stub.o)
                0x00088a38                memchr
 .text          0x00088acc       0xec c:/users/torsten/eclipse/cpp-photon/eclipse/arduinoplugin/packages/arduino/tools/arm-none-eabi-gcc/4.8.3-2014q1/bin/../lib/gcc/arm-none-eabi/4.8.3/../../../../arm-none-eabi/lib/armv7-m\libg.a(lib_a-memcpy.o)
                0x00088acc                memcpy
 .text.memmove  0x00088bb8       0xcc c:/users/torsten/eclipse/cpp-photon/eclipse/arduinoplugin/packages/arduino/tools/arm-none-eabi-gcc/4.8.3-2014q1/bin/../lib/gcc/arm-none-eabi/4.8.3/../../../../arm-none-eabi/lib/armv7-m\libg.a(lib_a-memmove.o)
                0x00088bb8                memmove
 .text._realloc_r
                0x00088c84      0x3c0 c:/users/torsten/eclipse/cpp-photon/eclipse/arduinoplugin/packages/arduino/tools/arm-none-eabi-gcc/4.8.3-2014q1/bin/../lib/gcc/arm-none-eabi/4.8.3/../../../../arm-none-eabi/lib/armv7-m\libg.a(lib_a-reallocr.o)
                0x00088c84                _realloc_r
 .text._kill_r  0x00089044       0x28 c:/users/torsten/eclipse/cpp-photon/eclipse/arduinoplugin/packages/arduino/tools/arm-none-eabi-gcc/4.8.3-2014q1/bin/../lib/gcc/arm-none-eabi/4.8.3/../../../../arm-none-eabi/lib/armv7-m\libg.a(lib_a-signalr.o)
                0x00089044                _kill_r
 .text.__sread  0x0008906c       0x24 c:/users/torsten/eclipse/cpp-photon/eclipse/arduinoplugin/packages/arduino/tools/arm-none-eabi-gcc/4.8.3-2014q1/bin/../lib/gcc/arm-none-eabi/4.8.3/../../../../arm-none-eabi/lib/armv7-m\libg.a(lib_a-stdio.o)
                0x0008906c                __sread
 .text.__swrite
                0x00089090       0x38 c:/users/torsten/eclipse/cpp-photon/eclipse/arduinoplugin/packages/arduino/tools/arm-none-eabi-gcc/4.8.3-2014q1/bin/../lib/gcc/arm-none-eabi/4.8.3/../../../../arm-none-eabi/lib/armv7-m\libg.a(lib_a-stdio.o)
                0x00089090                __swrite
 .text.__sseek  0x000890c8       0x20 c:/users/torsten/eclipse/cpp-photon/eclipse/arduinoplugin/packages/arduino/tools/arm-none-eabi-gcc/4.8.3-2014q1/bin/../lib/gcc/arm-none-eabi/4.8.3/../../../../arm-none-eabi/lib/armv7-m\libg.a(lib_a-stdio.o)
                0x000890c8                __sseek
 .text.__sclose
                0x000890e8        0x8 c:/users/torsten/eclipse/cpp-photon/eclipse/arduinoplugin/packages/arduino/tools/arm-none-eabi-gcc/4.8.3-2014q1/bin/../lib/gcc/arm-none-eabi/4.8.3/../../../../arm-none-eabi/lib/armv7-m\libg.a(lib_a-stdio.o)
                0x000890e8                __sclose
 .text.__swbuf_r
                0x000890f0       0xa8 c:/users/torsten/eclipse/cpp-photon/eclipse/arduinoplugin/packages/arduino/tools/arm-none-eabi-gcc/4.8.3-2014q1/bin/../lib/gcc/arm-none-eabi/4.8.3/../../../../arm-none-eabi/lib/armv7-m\libg.a(lib_a-wbuf.o)
                0x000890f0                __swbuf_r
 .text._wcrtomb_r
                0x00089198       0x50 c:/users/torsten/eclipse/cpp-photon/eclipse/arduinoplugin/packages/arduino/tools/arm-none-eabi-gcc/4.8.3-2014q1/bin/../lib/gcc/arm-none-eabi/4.8.3/../../../../arm-none-eabi/lib/armv7-m\libg.a(lib_a-wcrtomb.o)
                0x00089198                _wcrtomb_r
 .text.__ascii_wctomb
                0x000891e8       0x1c c:/users/torsten/eclipse/cpp-photon/eclipse/arduinoplugin/packages/arduino/tools/arm-none-eabi-gcc/4.8.3-2014q1/bin/../lib/gcc/arm-none-eabi/4.8.3/../../../../arm-none-eabi/lib/armv7-m\libg.a(lib_a-wctomb_r.o)
                0x000891e8                __ascii_wctomb
 .text._write_r
                0x00089204       0x28 c:/users/torsten/eclipse/cpp-photon/eclipse/arduinoplugin/packages/arduino/tools/arm-none-eabi-gcc/4.8.3-2014q1/bin/../lib/gcc/arm-none-eabi/4.8.3/../../../../arm-none-eabi/lib/armv7-m\libg.a(lib_a-writer.o)
                0x00089204                _write_r
 .text.__register_exitproc
                0x0008922c       0xa8 c:/users/torsten/eclipse/cpp-photon/eclipse/arduinoplugin/packages/arduino/tools/arm-none-eabi-gcc/4.8.3-2014q1/bin/../lib/gcc/arm-none-eabi/4.8.3/../../../../arm-none-eabi/lib/armv7-m\libg.a(lib_a-__atexit.o)
                0x0008922c                __register_exitproc
 .text._close_r
                0x000892d4       0x24 c:/users/torsten/eclipse/cpp-photon/eclipse/arduinoplugin/packages/arduino/tools/arm-none-eabi-gcc/4.8.3-2014q1/bin/../lib/gcc/arm-none-eabi/4.8.3/../../../../arm-none-eabi/lib/armv7-m\libg.a(lib_a-closer.o)
                0x000892d4                _close_r
 .text._fclose_r
                0x000892f8       0x80 c:/users/torsten/eclipse/cpp-photon/eclipse/arduinoplugin/packages/arduino/tools/arm-none-eabi-gcc/4.8.3-2014q1/bin/../lib/gcc/arm-none-eabi/4.8.3/../../../../arm-none-eabi/lib/armv7-m\libg.a(lib_a-fclose.o)
                0x000892f8                _fclose_r
 .text.fclose   0x00089378       0x10 c:/users/torsten/eclipse/cpp-photon/eclipse/arduinoplugin/packages/arduino/tools/arm-none-eabi-gcc/4.8.3-2014q1/bin/../lib/gcc/arm-none-eabi/4.8.3/../../../../arm-none-eabi/lib/armv7-m\libg.a(lib_a-fclose.o)
                0x00089378                fclose
 .text._fstat_r
                0x00089388       0x28 c:/users/torsten/eclipse/cpp-photon/eclipse/arduinoplugin/packages/arduino/tools/arm-none-eabi-gcc/4.8.3-2014q1/bin/../lib/gcc/arm-none-eabi/4.8.3/../../../../arm-none-eabi/lib/armv7-m\libg.a(lib_a-fstatr.o)
                0x00089388                _fstat_r
 .text._isatty_r
                0x000893b0       0x24 c:/users/torsten/eclipse/cpp-photon/eclipse/arduinoplugin/packages/arduino/tools/arm-none-eabi-gcc/4.8.3-2014q1/bin/../lib/gcc/arm-none-eabi/4.8.3/../../../../arm-none-eabi/lib/armv7-m\libg.a(lib_a-isattyr.o)
                0x000893b0                _isatty_r
 .text._lseek_r
                0x000893d4       0x28 c:/users/torsten/eclipse/cpp-photon/eclipse/arduinoplugin/packages/arduino/tools/arm-none-eabi-gcc/4.8.3-2014q1/bin/../lib/gcc/arm-none-eabi/4.8.3/../../../../arm-none-eabi/lib/armv7-m\libg.a(lib_a-lseekr.o)
                0x000893d4                _lseek_r
 .text._read_r  0x000893fc       0x28 c:/users/torsten/eclipse/cpp-photon/eclipse/arduinoplugin/packages/arduino/tools/arm-none-eabi-gcc/4.8.3-2014q1/bin/../lib/gcc/arm-none-eabi/4.8.3/../../../../arm-none-eabi/lib/armv7-m\libg.a(lib_a-readr.o)
                0x000893fc                _read_r
 .text          0x00089424       0x2c c:/users/torsten/eclipse/cpp-photon/eclipse/arduinoplugin/packages/arduino/tools/arm-none-eabi-gcc/4.8.3-2014q1/bin/../lib/gcc/arm-none-eabi/4.8.3/armv7-m\libgcc.a(_aeabi_uldivmod.o)
                0x00089424                __aeabi_uldivmod
 .text          0x00089450       0x60 c:/users/torsten/eclipse/cpp-photon/eclipse/arduinoplugin/packages/arduino/tools/arm-none-eabi-gcc/4.8.3-2014q1/bin/../lib/gcc/arm-none-eabi/4.8.3/armv7-m\libgcc.a(bpabi.o)
                0x00089450                __gnu_ldivmod_helper
                0x00089480                __gnu_uldivmod_helper
 .text          0x000894b0        0x4 c:/users/torsten/eclipse/cpp-photon/eclipse/arduinoplugin/packages/arduino/tools/arm-none-eabi-gcc/4.8.3-2014q1/bin/../lib/gcc/arm-none-eabi/4.8.3/armv7-m\libgcc.a(_dvmd_tls.o)
                0x000894b0                __aeabi_idiv0
                0x000894b0                __aeabi_ldiv0
 .text          0x000894b4      0x2a0 c:/users/torsten/eclipse/cpp-photon/eclipse/arduinoplugin/packages/arduino/tools/arm-none-eabi-gcc/4.8.3-2014q1/bin/../lib/gcc/arm-none-eabi/4.8.3/armv7-m\libgcc.a(_divdi3.o)
                0x000894b4                __divdi3
 .text          0x00089754      0x290 c:/users/torsten/eclipse/cpp-photon/eclipse/arduinoplugin/packages/arduino/tools/arm-none-eabi-gcc/4.8.3-2014q1/bin/../lib/gcc/arm-none-eabi/4.8.3/armv7-m\libgcc.a(_udivdi3.o)
                0x00089754                __udivdi3
 *(.glue_7t)
 .glue_7t       0x00000000        0x0 linker stubs
 *(.glue_7)
 .glue_7        0x00000000        0x0 linker stubs
 *(.rodata .rodata* .gnu.linkonce.r.*)
 .rodata.str1.1
                0x000899e4      0x331 .\sloeber.ino.cpp.o
                                0x342 (size before relaxing)
 .rodata        0x00089d15        0x3 .\libraries\MCUFRIEND_kbv\MCUFRIEND_kbv.cpp.o
 .rodata._ZZN13MCUFRIEND_kbv5beginEtE16ST7789_regValues
                0x00089d18       0x41 .\libraries\MCUFRIEND_kbv\MCUFRIEND_kbv.cpp.o
 *fill*         0x00089d59        0x1 
 .rodata._ZZN13MCUFRIEND_kbv5beginEtE17R61509V_regValues
                0x00089d5a       0xc0 .\libraries\MCUFRIEND_kbv\MCUFRIEND_kbv.cpp.o
 .rodata._ZZN13MCUFRIEND_kbv5beginEtE16FK8031_regValues
                0x00089e1a       0x12 .\libraries\MCUFRIEND_kbv\MCUFRIEND_kbv.cpp.o
 .rodata._ZZN13MCUFRIEND_kbv5beginEtE17NT35310_regValues
                0x00089e2c        0x2 .\libraries\MCUFRIEND_kbv\MCUFRIEND_kbv.cpp.o
 .rodata._ZZN13MCUFRIEND_kbv5beginEtE16R61511_regValues
                0x00089e2e        0x3 .\libraries\MCUFRIEND_kbv\MCUFRIEND_kbv.cpp.o
 *fill*         0x00089e31        0x1 
 .rodata._ZZN13MCUFRIEND_kbv5beginEtE16ST7781_regValues
                0x00089e32       0x90 .\libraries\MCUFRIEND_kbv\MCUFRIEND_kbv.cpp.o
 .rodata._ZZN13MCUFRIEND_kbv5beginEtE16R61526_regValues
                0x00089ec2        0xc .\libraries\MCUFRIEND_kbv\MCUFRIEND_kbv.cpp.o
 .rodata._ZZN13MCUFRIEND_kbv5beginEtE17ILI9327_regValues
                0x00089ece       0x1e .\libraries\MCUFRIEND_kbv\MCUFRIEND_kbv.cpp.o
 .rodata._ZZN13MCUFRIEND_kbv5beginEtE17ILI9325_regValues
                0x00089eec       0xcc .\libraries\MCUFRIEND_kbv\MCUFRIEND_kbv.cpp.o
 .rodata._ZZN13MCUFRIEND_kbv5beginEtE17S6D0154_regValues
                0x00089fb8       0x9c .\libraries\MCUFRIEND_kbv\MCUFRIEND_kbv.cpp.o
 *fill*         0x0008a054        0x4 
 .rodata._ZTV13MCUFRIEND_kbv
                0x0008a058       0x50 .\libraries\MCUFRIEND_kbv\MCUFRIEND_kbv.cpp.o
                0x0008a058                vtable for MCUFRIEND_kbv
 .rodata._ZZN13MCUFRIEND_kbv5beginEtE9reset_off
                0x0008a0a8        0x9 .\libraries\MCUFRIEND_kbv\MCUFRIEND_kbv.cpp.o
 .rodata._ZZN13MCUFRIEND_kbv5beginEtE17ILI9329_regValues
                0x0008a0b1        0x3 .\libraries\MCUFRIEND_kbv\MCUFRIEND_kbv.cpp.o
 .rodata._ZZN13MCUFRIEND_kbv5beginEtE17R61505V_regValues
                0x0008a0b4       0xb0 .\libraries\MCUFRIEND_kbv\MCUFRIEND_kbv.cpp.o
 .rodata._ZZN13MCUFRIEND_kbv5beginEtE17ILI9481_regValues
                0x0008a164       0x45 .\libraries\MCUFRIEND_kbv\MCUFRIEND_kbv.cpp.o
 .rodata._ZZN13MCUFRIEND_kbv5beginEtE17ILI9486_regValues
                0x0008a1a9       0x3b .\libraries\MCUFRIEND_kbv\MCUFRIEND_kbv.cpp.o
 .rodata._ZZN13MCUFRIEND_kbv5beginEtE21ILI9488_regValues_max
                0x0008a1e4       0x2b .\libraries\MCUFRIEND_kbv\MCUFRIEND_kbv.cpp.o
 .rodata._ZZN13MCUFRIEND_kbv5beginEtE19HX8357_99_regValues
                0x0008a20f       0x1d .\libraries\MCUFRIEND_kbv\MCUFRIEND_kbv.cpp.o
 .rodata._ZZN13MCUFRIEND_kbv5beginEtE21ILI9341_regValues_2_4
                0x0008a22c       0x65 .\libraries\MCUFRIEND_kbv\MCUFRIEND_kbv.cpp.o
 .rodata._ZZN13MCUFRIEND_kbv5beginEtE21RM68140_regValues_max
                0x0008a291        0x3 .\libraries\MCUFRIEND_kbv\MCUFRIEND_kbv.cpp.o
 .rodata._ZZN13MCUFRIEND_kbv5beginEtE18LGDP4535_regValues
                0x0008a294       0x9c .\libraries\MCUFRIEND_kbv\MCUFRIEND_kbv.cpp.o
 .rodata._ZZN13MCUFRIEND_kbv5beginEtE17ILI9320_regValues
                0x0008a330       0xd8 .\libraries\MCUFRIEND_kbv\MCUFRIEND_kbv.cpp.o
 .rodata._ZZN13MCUFRIEND_kbv5beginEtE17HX8357C_regValues
                0x0008a408        0x2 .\libraries\MCUFRIEND_kbv\MCUFRIEND_kbv.cpp.o
 .rodata._ZZN13MCUFRIEND_kbv5beginEtE7wake_on
                0x0008a40a        0x6 .\libraries\MCUFRIEND_kbv\MCUFRIEND_kbv.cpp.o
 .rodata._ZZN13MCUFRIEND_kbv5beginEtE16R61520_regValues
                0x0008a410        0x6 .\libraries\MCUFRIEND_kbv\MCUFRIEND_kbv.cpp.o
 *fill*         0x0008a416        0x2 
 .rodata._ZTV12Adafruit_GFX
                0x0008a418       0x50 .\libraries\Adafruit_GFX\Adafruit_GFX.cpp.o
                0x0008a418                vtable for Adafruit_GFX
 .rodata._ZL4font
                0x0008a468      0x500 .\libraries\Adafruit_GFX\Adafruit_GFX.cpp.o
 .rodata.g_APinDescription
                0x0008a968      0xa2c .\core\variant\variant.cpp.o
                0x0008a968                g_APinDescription
 .rodata        0x0008b394       0x40 C:\Users\torsten\eclipse\cpp-photon\eclipse\arduinoPlugin\packages\arduino\hardware\sam\1.6.11\variants\arduino_due_x/libsam_sam3x8e_gcc_rel.a(adc.o)
 .rodata.str1.1
                0x0008b3d4        0xf C:/Users/torsten/Documents/Seafile/Arbeit_Verschluss/Development/LabDevice/software/LabConsole/Release/arduino.ar(Print.cpp.o)
 *fill*         0x0008b3e3        0x5 
 .rodata._ZTV9UARTClass
                0x0008b3e8       0x30 C:/Users/torsten/Documents/Seafile/Arbeit_Verschluss/Development/LabDevice/software/LabConsole/Release/arduino.ar(UARTClass.cpp.o)
                0x0008b3e8                vtable for UARTClass
 .rodata._ZTV10USARTClass
                0x0008b418       0x30 C:/Users/torsten/Documents/Seafile/Arbeit_Verschluss/Development/LabDevice/software/LabConsole/Release/arduino.ar(USARTClass.cpp.o)
                0x0008b418                vtable for USARTClass
 .rodata.str1.1
                0x0008b448       0x19 C:/Users/torsten/Documents/Seafile/Arbeit_Verschluss/Development/LabDevice/software/LabConsole/Release/arduino.ar(syscalls_sam3.c.o)
 .rodata.STRING_PRODUCT
                0x0008b461        0xc C:/Users/torsten/Documents/Seafile/Arbeit_Verschluss/Development/LabDevice/software/LabConsole/Release/arduino.ar(USBCore.cpp.o)
                0x0008b461                STRING_PRODUCT
 .rodata.USB_DeviceDescriptor
                0x0008b46d       0x12 C:/Users/torsten/Documents/Seafile/Arbeit_Verschluss/Development/LabDevice/software/LabConsole/Release/arduino.ar(USBCore.cpp.o)
                0x0008b46d                USB_DeviceDescriptor
 *fill*         0x0008b47f        0x1 
 .rodata.STRING_LANGUAGE
                0x0008b480        0x4 C:/Users/torsten/Documents/Seafile/Arbeit_Verschluss/Development/LabDevice/software/LabConsole/Release/arduino.ar(USBCore.cpp.o)
                0x0008b480                STRING_LANGUAGE
 .rodata._ZL18test_packet_buffer
                0x0008b484       0x35 C:/Users/torsten/Documents/Seafile/Arbeit_Verschluss/Development/LabDevice/software/LabConsole/Release/arduino.ar(USBCore.cpp.o)
 .rodata.STRING_MANUFACTURER
                0x0008b4b9        0xc C:/Users/torsten/Documents/Seafile/Arbeit_Verschluss/Development/LabDevice/software/LabConsole/Release/arduino.ar(USBCore.cpp.o)
                0x0008b4b9                STRING_MANUFACTURER
 .rodata.USB_DeviceDescriptorA
                0x0008b4c5       0x12 C:/Users/torsten/Documents/Seafile/Arbeit_Verschluss/Development/LabDevice/software/LabConsole/Release/arduino.ar(USBCore.cpp.o)
                0x0008b4c5                USB_DeviceDescriptorA
 .rodata._ZL19USB_DeviceQualifier
                0x0008b4d7        0x9 C:/Users/torsten/Documents/Seafile/Arbeit_Verschluss/Development/LabDevice/software/LabConsole/Release/arduino.ar(USBCore.cpp.o)
 .rodata._ZTV7Serial_
                0x0008b4e0       0x28 C:/Users/torsten/Documents/Seafile/Arbeit_Verschluss/Development/LabDevice/software/LabConsole/Release/arduino.ar(CDC.cpp.o)
                0x0008b4e0                vtable for Serial_
 .rodata._ZL18_cdcOtherInterface
                0x0008b508       0x42 C:/Users/torsten/Documents/Seafile/Arbeit_Verschluss/Development/LabDevice/software/LabConsole/Release/arduino.ar(CDC.cpp.o)
 .rodata._ZL13_cdcInterface
                0x0008b54a       0x42 C:/Users/torsten/Documents/Seafile/Arbeit_Verschluss/Development/LabDevice/software/LabConsole/Release/arduino.ar(CDC.cpp.o)
 .rodata.str1.4
                0x0008b58c        0x2 c:/users/torsten/eclipse/cpp-photon/eclipse/arduinoplugin/packages/arduino/tools/arm-none-eabi-gcc/4.8.3-2014q1/bin/../lib/gcc/arm-none-eabi/4.8.3/../../../../arm-none-eabi/lib/armv7-m\libg.a(lib_a-impure.o)
                                  0x4 (size before relaxing)
 *fill*         0x0008b58e        0x2 
 .rodata._global_impure_ptr
                0x0008b590        0x4 c:/users/torsten/eclipse/cpp-photon/eclipse/arduinoplugin/packages/arduino/tools/arm-none-eabi-gcc/4.8.3-2014q1/bin/../lib/gcc/arm-none-eabi/4.8.3/../../../../arm-none-eabi/lib/armv7-m\libg.a(lib_a-impure.o)
                0x0008b590                _global_impure_ptr
 .rodata.blanks.6717
                0x0008b594       0x10 c:/users/torsten/eclipse/cpp-photon/eclipse/arduinoplugin/packages/arduino/tools/arm-none-eabi-gcc/4.8.3-2014q1/bin/../lib/gcc/arm-none-eabi/4.8.3/../../../../arm-none-eabi/lib/armv7-m\libg.a(lib_a-vfiprintf.o)
 .rodata.str1.4
                0x0008b5a4       0x30 c:/users/torsten/eclipse/cpp-photon/eclipse/arduinoplugin/packages/arduino/tools/arm-none-eabi-gcc/4.8.3-2014q1/bin/../lib/gcc/arm-none-eabi/4.8.3/../../../../arm-none-eabi/lib/armv7-m\libg.a(lib_a-vfiprintf.o)
 .rodata.zeroes.6718
                0x0008b5d4       0x10 c:/users/torsten/eclipse/cpp-photon/eclipse/arduinoplugin/packages/arduino/tools/arm-none-eabi-gcc/4.8.3-2014q1/bin/../lib/gcc/arm-none-eabi/4.8.3/../../../../arm-none-eabi/lib/armv7-m\libg.a(lib_a-vfiprintf.o)
 *(.ARM.extab* .gnu.linkonce.armextab.*)
                0x0008b5e4                . = ALIGN (0x4)
 *(.init)
 .init          0x0008b5e4        0x4 c:/users/torsten/eclipse/cpp-photon/eclipse/arduinoplugin/packages/arduino/tools/arm-none-eabi-gcc/4.8.3-2014q1/bin/../lib/gcc/arm-none-eabi/4.8.3/armv7-m/crti.o
                0x0008b5e4                _init
 .init          0x0008b5e8        0x8 c:/users/torsten/eclipse/cpp-photon/eclipse/arduinoplugin/packages/arduino/tools/arm-none-eabi-gcc/4.8.3-2014q1/bin/../lib/gcc/arm-none-eabi/4.8.3/armv7-m/crtn.o
                0x0008b5f0                . = ALIGN (0x4)
                0x0008b5f0                __preinit_array_start = .
 *(.preinit_array)
                0x0008b5f0                __preinit_array_end = .
                0x0008b5f0                . = ALIGN (0x4)
                0x0008b5f0                __init_array_start = .
 *(SORT(.init_array.*))
 .init_array.00000
                0x0008b5f0        0x4 c:/users/torsten/eclipse/cpp-photon/eclipse/arduinoplugin/packages/arduino/tools/arm-none-eabi-gcc/4.8.3-2014q1/bin/../lib/gcc/arm-none-eabi/4.8.3/../../../../arm-none-eabi/lib/armv7-m\libg.a(lib_a-__call_atexit.o)
 *(.init_array)
 .init_array    0x0008b5f4        0x4 c:/users/torsten/eclipse/cpp-photon/eclipse/arduinoplugin/packages/arduino/tools/arm-none-eabi-gcc/4.8.3-2014q1/bin/../lib/gcc/arm-none-eabi/4.8.3/armv7-m/crtbegin.o
 .init_array    0x0008b5f8        0x4 .\sloeber.ino.cpp.o
 .init_array    0x0008b5fc        0x4 .\libraries\SPI\src\SPI.cpp.o
 .init_array    0x0008b600        0x4 .\core\variant\variant.cpp.o
 .init_array    0x0008b604        0x4 C:/Users/torsten/Documents/Seafile/Arbeit_Verschluss/Development/LabDevice/software/LabConsole/Release/arduino.ar(USBCore.cpp.o)
 .init_array    0x0008b608        0x4 C:/Users/torsten/Documents/Seafile/Arbeit_Verschluss/Development/LabDevice/software/LabConsole/Release/arduino.ar(CDC.cpp.o)
                0x0008b60c                __init_array_end = .
                0x0008b60c                . = ALIGN (0x4)
 *crtbegin.o(.ctors)
 *(EXCLUDE_FILE(*crtend.o) .ctors)
 *(SORT(.ctors.*))
 *crtend.o(.ctors)
                0x0008b60c                . = ALIGN (0x4)
 *(.fini)
 .fini          0x0008b60c        0x4 c:/users/torsten/eclipse/cpp-photon/eclipse/arduinoplugin/packages/arduino/tools/arm-none-eabi-gcc/4.8.3-2014q1/bin/../lib/gcc/arm-none-eabi/4.8.3/armv7-m/crti.o
                0x0008b60c                _fini
 .fini          0x0008b610        0x8 c:/users/torsten/eclipse/cpp-photon/eclipse/arduinoplugin/packages/arduino/tools/arm-none-eabi-gcc/4.8.3-2014q1/bin/../lib/gcc/arm-none-eabi/4.8.3/armv7-m/crtn.o
                0x0008b618                . = ALIGN (0x4)
                0x0008b618                __fini_array_start = .
 *(.fini_array)
 .fini_array    0x0008b618        0x4 c:/users/torsten/eclipse/cpp-photon/eclipse/arduinoplugin/packages/arduino/tools/arm-none-eabi-gcc/4.8.3-2014q1/bin/../lib/gcc/arm-none-eabi/4.8.3/armv7-m/crtbegin.o
 *(SORT(.fini_array.*))
                0x0008b61c                __fini_array_end = .